2025-09-29T11:55:46.9164435Z ##[debug]Starting: build-and-deploy
2025-09-29T11:55:46.9202515Z ##[debug]Cleaning runner temp folder: /home/runner/work/_temp
2025-09-29T11:55:46.9359481Z ##[debug]Starting: Set up job
2025-09-29T11:55:46.9362079Z Current runner version: '2.328.0'
2025-09-29T11:55:46.9428863Z ##[group]Runner Image Provisioner
2025-09-29T11:55:46.9430882Z Hosted Compute Agent
2025-09-29T11:55:46.9432645Z Version: 20250912.392
2025-09-29T11:55:46.9434518Z Commit: d921fda672a98b64f4f82364647e2f10b2267d0b
2025-09-29T11:55:46.9436462Z Build Date: 2025-09-12T15:23:14Z
2025-09-29T11:55:46.9438627Z ##[endgroup]
2025-09-29T11:55:46.9440375Z ##[group]Operating System
2025-09-29T11:55:46.9442196Z Ubuntu
2025-09-29T11:55:46.9443801Z 24.04.3
2025-09-29T11:55:46.9445333Z LTS
2025-09-29T11:55:46.9447002Z ##[endgroup]
2025-09-29T11:55:46.9449036Z ##[group]Runner Image
2025-09-29T11:55:46.9450977Z Image: ubuntu-24.04
2025-09-29T11:55:46.9452624Z Version: 20250922.53.1
2025-09-29T11:55:46.9455236Z Included Software: https://github.com/actions/runner-images/blob/ubuntu24/20250922.53/images/ubuntu/Ubuntu2404-Readme.md
2025-09-29T11:55:46.9459268Z Image Release: https://github.com/actions/runner-images/releases/tag/ubuntu24%2F20250922.53
2025-09-29T11:55:46.9461669Z ##[endgroup]
2025-09-29T11:55:46.9464786Z ##[group]GITHUB_TOKEN Permissions
2025-09-29T11:55:46.9468524Z Contents: read
2025-09-29T11:55:46.9470300Z Metadata: read
2025-09-29T11:55:46.9471951Z Packages: read
2025-09-29T11:55:46.9473666Z ##[endgroup]
2025-09-29T11:55:46.9477649Z Secret source: Actions
2025-09-29T11:55:46.9480455Z ##[debug]Primary repository: Avyren-Technologies/Avy-Tracker
2025-09-29T11:55:46.9482653Z Prepare workflow directory
2025-09-29T11:55:46.9586051Z ##[debug]Creating pipeline directory: '/home/runner/work/Avy-Tracker'
2025-09-29T11:55:46.9594108Z ##[debug]Creating workspace directory: '/home/runner/work/Avy-Tracker/Avy-Tracker'
2025-09-29T11:55:46.9598177Z ##[debug]Update context data
2025-09-29T11:55:46.9605735Z ##[debug]Evaluating job-level environment variables
2025-09-29T11:55:46.9929194Z ##[debug]Evaluating job container
2025-09-29T11:55:46.9935410Z ##[debug]Evaluating job service containers
2025-09-29T11:55:46.9940350Z ##[debug]Evaluating job defaults
2025-09-29T11:55:46.9980710Z Prepare all required actions
2025-09-29T11:55:47.0038177Z Getting action download info
2025-09-29T11:55:47.3335893Z Download action repository 'actions/checkout@v4' (SHA:08eba0b27e820071cde6df949e0beb9ba4906955)
2025-09-29T11:55:47.3361871Z ##[debug]Copied action archive '/opt/actionarchivecache/actions_checkout/08eba0b27e820071cde6df949e0beb9ba4906955.tar.gz' to '/home/runner/work/_actions/_temp_4abf62df-bd76-47df-ab1a-b1201c79ed8a/26d807d8-5494-4661-bc84-f2fe8909594b.tar.gz'
2025-09-29T11:55:47.3920270Z ##[debug]Unwrap 'actions-checkout-08eba0b' to '/home/runner/work/_actions/actions/checkout/v4'
2025-09-29T11:55:47.4084887Z ##[debug]Archive '/home/runner/work/_actions/_temp_4abf62df-bd76-47df-ab1a-b1201c79ed8a/26d807d8-5494-4661-bc84-f2fe8909594b.tar.gz' has been unzipped into '/home/runner/work/_actions/actions/checkout/v4'.
2025-09-29T11:55:47.4220928Z Download action repository 'docker/login-action@v2' (SHA:465a07811f14bebb1938fbed4728c6a1ff8901fc)
2025-09-29T11:55:47.6175504Z ##[debug]Download 'https://api.github.com/repos/docker/login-action/tarball/465a07811f14bebb1938fbed4728c6a1ff8901fc' to '/home/runner/work/_actions/_temp_551e8bd4-1613-4ebb-a6a5-a2945eb33c18/6046804d-c5ea-4fec-9198-d934aadd2569.tar.gz'
2025-09-29T11:55:47.6425393Z ##[debug]Unwrap 'docker-login-action-465a078' to '/home/runner/work/_actions/docker/login-action/v2'
2025-09-29T11:55:47.6501577Z ##[debug]Archive '/home/runner/work/_actions/_temp_551e8bd4-1613-4ebb-a6a5-a2945eb33c18/6046804d-c5ea-4fec-9198-d934aadd2569.tar.gz' has been unzipped into '/home/runner/work/_actions/docker/login-action/v2'.
2025-09-29T11:55:47.6528676Z Download action repository 'azure/webapps-deploy@v2' (SHA:122b7ec46017e53a3f71e3a027d67550a1641f5e)
2025-09-29T11:55:47.8884661Z ##[debug]Download 'https://api.github.com/repos/Azure/webapps-deploy/tarball/122b7ec46017e53a3f71e3a027d67550a1641f5e' to '/home/runner/work/_actions/_temp_1a76cf89-90da-4876-a84d-b5a584d7ba24/21d18f48-b5a4-4f0c-adc6-12f47e565118.tar.gz'
2025-09-29T11:55:48.4329902Z ##[debug]Unwrap 'Azure-webapps-deploy-122b7ec' to '/home/runner/work/_actions/azure/webapps-deploy/v2'
2025-09-29T11:55:49.7701952Z ##[debug]Archive '/home/runner/work/_actions/_temp_1a76cf89-90da-4876-a84d-b5a584d7ba24/21d18f48-b5a4-4f0c-adc6-12f47e565118.tar.gz' has been unzipped into '/home/runner/work/_actions/azure/webapps-deploy/v2'.
2025-09-29T11:55:49.9123835Z ##[debug]action.yml for action: '/home/runner/work/_actions/actions/checkout/v4/action.yml'.
2025-09-29T11:55:49.9712669Z ##[debug]action.yml for action: '/home/runner/work/_actions/docker/login-action/v2/action.yml'.
2025-09-29T11:55:49.9743114Z ##[debug]action.yml for action: '/home/runner/work/_actions/azure/webapps-deploy/v2/action.yml'.
2025-09-29T11:55:49.9856564Z ##[debug]Set step '__actions_checkout' display name to: 'Checkout repository'
2025-09-29T11:55:49.9860272Z ##[debug]Set step '__run' display name to: 'Write CA certificate'
2025-09-29T11:55:49.9862025Z ##[debug]Set step '__run_2' display name to: 'Write Firebase service account key'
2025-09-29T11:55:49.9863639Z ##[debug]Set step '__run_3' display name to: 'Set up environment variables'
2025-09-29T11:55:49.9865284Z ##[debug]Set step '__docker_login-action' display name to: 'Log in to Docker Hub'
2025-09-29T11:55:49.9866913Z ##[debug]Set step '__run_4' display name to: 'Verify Backend Directory'
2025-09-29T11:55:49.9889660Z ##[debug]Set step '__run_5' display name to: 'Build and Push Docker Image'
2025-09-29T11:55:49.9891387Z ##[debug]Set step '__azure_webapps-deploy' display name to: 'Deploy to Azure App Service'
2025-09-29T11:55:49.9892961Z ##[debug]Set step '__run_6' display name to: 'Verify Deployment'
2025-09-29T11:55:49.9893692Z Complete job name: build-and-deploy
2025-09-29T11:55:49.9932776Z ##[debug]Collect running processes for tracking orphan processes.
2025-09-29T11:55:50.0135669Z ##[debug]Finishing: Set up job
2025-09-29T11:55:50.0262074Z ##[debug]Evaluating condition for step: 'Checkout repository'
2025-09-29T11:55:50.0300182Z ##[debug]Evaluating: success()
2025-09-29T11:55:50.0305041Z ##[debug]Evaluating success:
2025-09-29T11:55:50.0321268Z ##[debug]=> true
2025-09-29T11:55:50.0327233Z ##[debug]Result: true
2025-09-29T11:55:50.0351274Z ##[debug]Starting: Checkout repository
2025-09-29T11:55:50.0418796Z ##[debug]Register post job cleanup for action: actions/checkout@v4
2025-09-29T11:55:50.0496426Z ##[debug]Loading inputs
2025-09-29T11:55:50.0504743Z ##[debug]Evaluating: github.repository
2025-09-29T11:55:50.0505866Z ##[debug]Evaluating Index:
2025-09-29T11:55:50.0507947Z ##[debug]..Evaluating github:
2025-09-29T11:55:50.0509206Z ##[debug]..=> Object
2025-09-29T11:55:50.0514869Z ##[debug]..Evaluating String:
2025-09-29T11:55:50.0515740Z ##[debug]..=> 'repository'
2025-09-29T11:55:50.0520149Z ##[debug]=> 'Avyren-Technologies/Avy-Tracker'
2025-09-29T11:55:50.0521779Z ##[debug]Result: 'Avyren-Technologies/Avy-Tracker'
2025-09-29T11:55:50.0525196Z ##[debug]Evaluating: github.token
2025-09-29T11:55:50.0525719Z ##[debug]Evaluating Index:
2025-09-29T11:55:50.0526187Z ##[debug]..Evaluating github:
2025-09-29T11:55:50.0526667Z ##[debug]..=> Object
2025-09-29T11:55:50.0527131Z ##[debug]..Evaluating String:
2025-09-29T11:55:50.0527589Z ##[debug]..=> 'token'
2025-09-29T11:55:50.0528694Z ##[debug]=> '***'
2025-09-29T11:55:50.0529285Z ##[debug]Result: '***'
2025-09-29T11:55:50.0543559Z ##[debug]Loading env
2025-09-29T11:55:50.0612311Z ##[group]Run actions/checkout@v4
2025-09-29T11:55:50.0613003Z with:
2025-09-29T11:55:50.0613467Z   repository: Avyren-Technologies/Avy-Tracker
2025-09-29T11:55:50.0614194Z   token: ***
2025-09-29T11:55:50.0614608Z   ssh-strict: true
2025-09-29T11:55:50.0615025Z   ssh-user: git
2025-09-29T11:55:50.0615453Z   persist-credentials: true
2025-09-29T11:55:50.0615904Z   clean: true
2025-09-29T11:55:50.0616336Z   sparse-checkout-cone-mode: true
2025-09-29T11:55:50.0617065Z   fetch-depth: 1
2025-09-29T11:55:50.0617486Z   fetch-tags: false
2025-09-29T11:55:50.0618148Z   show-progress: true
2025-09-29T11:55:50.0618563Z   lfs: false
2025-09-29T11:55:50.0618953Z   submodules: false
2025-09-29T11:55:50.0619369Z   set-safe-directory: true
2025-09-29T11:55:50.0620110Z ##[endgroup]
2025-09-29T11:55:50.1644719Z ##[debug]GITHUB_WORKSPACE = '/home/runner/work/Avy-Tracker/Avy-Tracker'
2025-09-29T11:55:50.1647100Z ##[debug]qualified repository = 'Avyren-Technologies/Avy-Tracker'
2025-09-29T11:55:50.1649128Z ##[debug]ref = 'refs/heads/main'
2025-09-29T11:55:50.1650732Z ##[debug]commit = '2bdd8786829f6bc3f65aa9641a6c3e348fb7322f'
2025-09-29T11:55:50.1652322Z ##[debug]clean = true
2025-09-29T11:55:50.1653677Z ##[debug]filter = undefined
2025-09-29T11:55:50.1655050Z ##[debug]fetch depth = 1
2025-09-29T11:55:50.1656432Z ##[debug]fetch tags = false
2025-09-29T11:55:50.1658021Z ##[debug]show progress = true
2025-09-29T11:55:50.1659462Z ##[debug]lfs = false
2025-09-29T11:55:50.1660800Z ##[debug]submodules = false
2025-09-29T11:55:50.1662407Z ##[debug]recursive submodules = false
2025-09-29T11:55:50.1663876Z ##[debug]GitHub Host URL = 
2025-09-29T11:55:50.1666196Z ::add-matcher::/home/runner/work/_actions/actions/checkout/v4/dist/problem-matcher.json
2025-09-29T11:55:50.1779024Z ##[debug]Added matchers: 'checkout-git'. Problem matchers scan action output for known warning or error strings and report these inline.
2025-09-29T11:55:50.1785611Z Syncing repository: Avyren-Technologies/Avy-Tracker
2025-09-29T11:55:50.1788033Z ::group::Getting Git version info
2025-09-29T11:55:50.1790065Z ##[group]Getting Git version info
2025-09-29T11:55:50.1791223Z Working directory is '/home/runner/work/Avy-Tracker/Avy-Tracker'
2025-09-29T11:55:50.1792892Z ##[debug]Getting git version
2025-09-29T11:55:50.1793772Z [command]/usr/bin/git version
2025-09-29T11:55:50.1794644Z git version 2.51.0
2025-09-29T11:55:50.1813779Z ##[debug]0
2025-09-29T11:55:50.1815145Z ##[debug]git version 2.51.0
2025-09-29T11:55:50.1815982Z ##[debug]
2025-09-29T11:55:50.1818167Z ##[debug]Set git useragent to: git/2.51.0 (github-actions-checkout)
2025-09-29T11:55:50.1819935Z ::endgroup::
2025-09-29T11:55:50.1820752Z ##[endgroup]
2025-09-29T11:55:50.1825539Z ::add-mask::***
2025-09-29T11:55:50.1833729Z Temporarily overriding HOME='/home/runner/work/_temp/7e203c1e-0768-42a5-a3a6-a40d072704d0' before making global git config changes
2025-09-29T11:55:50.1835620Z Adding repository directory to the temporary git global config as a safe directory
2025-09-29T11:55:50.1848253Z [command]/usr/bin/git config --global --add safe.directory /home/runner/work/Avy-Tracker/Avy-Tracker
2025-09-29T11:55:50.1889871Z ##[debug]0
2025-09-29T11:55:50.1891187Z ##[debug]
2025-09-29T11:55:50.1895618Z Deleting the contents of '/home/runner/work/Avy-Tracker/Avy-Tracker'
2025-09-29T11:55:50.1899962Z ::group::Initializing the repository
2025-09-29T11:55:50.1900924Z ##[group]Initializing the repository
2025-09-29T11:55:50.1904886Z [command]/usr/bin/git init /home/runner/work/Avy-Tracker/Avy-Tracker
2025-09-29T11:55:50.1964064Z hint: Using 'master' as the name for the initial branch. This default branch name
2025-09-29T11:55:50.1965510Z hint: is subject to change. To configure the initial branch name to use in all
2025-09-29T11:55:50.1966769Z hint: of your new repositories, which will suppress this warning, call:
2025-09-29T11:55:50.1967979Z hint:
2025-09-29T11:55:50.1968537Z hint: 	git config --global init.defaultBranch <name>
2025-09-29T11:55:50.1969099Z hint:
2025-09-29T11:55:50.1969629Z hint: Names commonly chosen instead of 'master' are 'main', 'trunk' and
2025-09-29T11:55:50.1970373Z hint: 'development'. The just-created branch can be renamed via this command:
2025-09-29T11:55:50.1970983Z hint:
2025-09-29T11:55:50.1971403Z hint: 	git branch -m <name>
2025-09-29T11:55:50.1971877Z hint:
2025-09-29T11:55:50.1972865Z hint: Disable this message with "git config set advice.defaultBranchName false"
2025-09-29T11:55:50.1973789Z Initialized empty Git repository in /home/runner/work/Avy-Tracker/Avy-Tracker/.git/
2025-09-29T11:55:50.1975066Z ##[debug]0
2025-09-29T11:55:50.1976150Z ##[debug]Initialized empty Git repository in /home/runner/work/Avy-Tracker/Avy-Tracker/.git/
2025-09-29T11:55:50.1976793Z ##[debug]
2025-09-29T11:55:50.1978240Z [command]/usr/bin/git remote add origin https://github.com/Avyren-Technologies/Avy-Tracker
2025-09-29T11:55:50.2011257Z ##[debug]0
2025-09-29T11:55:50.2011973Z ##[debug]
2025-09-29T11:55:50.2012754Z ::endgroup::
2025-09-29T11:55:50.2013170Z ##[endgroup]
2025-09-29T11:55:50.2014096Z ::group::Disabling automatic garbage collection
2025-09-29T11:55:50.2014690Z ##[group]Disabling automatic garbage collection
2025-09-29T11:55:50.2015699Z [command]/usr/bin/git config --local gc.auto 0
2025-09-29T11:55:50.2043470Z ##[debug]0
2025-09-29T11:55:50.2044191Z ##[debug]
2025-09-29T11:55:50.2044853Z ::endgroup::
2025-09-29T11:55:50.2045379Z ##[endgroup]
2025-09-29T11:55:50.2064189Z ::group::Setting up auth
2025-09-29T11:55:50.2064992Z ##[group]Setting up auth
2025-09-29T11:55:50.2065784Z [command]/usr/bin/git config --local --name-only --get-regexp core\.sshCommand
2025-09-29T11:55:50.2079060Z ##[debug]1
2025-09-29T11:55:50.2080262Z ##[debug]
2025-09-29T11:55:50.2086454Z [command]/usr/bin/git submodule foreach --recursive sh -c "git config --local --name-only --get-regexp 'core\.sshCommand' && git config --local --unset-all 'core.sshCommand' || :"
2025-09-29T11:55:50.2346449Z ##[debug]0
2025-09-29T11:55:50.2348169Z ##[debug]
2025-09-29T11:55:50.2352373Z [command]/usr/bin/git config --local --name-only --get-regexp http\.https\:\/\/github\.com\/\.extraheader
2025-09-29T11:55:50.2379371Z ##[debug]1
2025-09-29T11:55:50.2380577Z ##[debug]
2025-09-29T11:55:50.2385014Z [command]/usr/bin/git submodule foreach --recursive sh -c "git config --local --name-only --get-regexp 'http\.https\:\/\/github\.com\/\.extraheader' && git config --local --unset-all 'http.https://github.com/.extraheader' || :"
2025-09-29T11:55:50.2600020Z ##[debug]0
2025-09-29T11:55:50.2601349Z ##[debug]
2025-09-29T11:55:50.2609245Z [command]/usr/bin/git config --local http.https://github.com/.extraheader AUTHORIZATION: basic ***
2025-09-29T11:55:50.2636646Z ##[debug]0
2025-09-29T11:55:50.2638279Z ##[debug]
2025-09-29T11:55:50.2654035Z ::endgroup::
2025-09-29T11:55:50.2654751Z ##[endgroup]
2025-09-29T11:55:50.2662300Z ::group::Fetching the repository
2025-09-29T11:55:50.2662937Z ##[group]Fetching the repository
2025-09-29T11:55:50.2663947Z [command]/usr/bin/git -c protocol.version=2 fetch --no-tags --prune --no-recurse-submodules --depth=1 origin +2bdd8786829f6bc3f65aa9641a6c3e348fb7322f:refs/remotes/origin/main
2025-09-29T11:55:51.0332774Z From https://github.com/Avyren-Technologies/Avy-Tracker
2025-09-29T11:55:51.0335395Z  * [new ref]         2bdd8786829f6bc3f65aa9641a6c3e348fb7322f -> origin/main
2025-09-29T11:55:51.0364296Z ##[debug]0
2025-09-29T11:55:51.0368454Z ##[debug]
2025-09-29T11:55:51.0369536Z ::endgroup::
2025-09-29T11:55:51.0370148Z ##[endgroup]
2025-09-29T11:55:51.0371264Z ::group::Determining the checkout info
2025-09-29T11:55:51.0372035Z ##[group]Determining the checkout info
2025-09-29T11:55:51.0373106Z ::endgroup::
2025-09-29T11:55:51.0373621Z ##[endgroup]
2025-09-29T11:55:51.0374311Z [command]/usr/bin/git sparse-checkout disable
2025-09-29T11:55:51.0412341Z ##[debug]0
2025-09-29T11:55:51.0413117Z ##[debug]
2025-09-29T11:55:51.0416521Z [command]/usr/bin/git config --local --unset-all extensions.worktreeConfig
2025-09-29T11:55:51.0443847Z ##[debug]0
2025-09-29T11:55:51.0444618Z ##[debug]
2025-09-29T11:55:51.0445215Z ::group::Checking out the ref
2025-09-29T11:55:51.0445619Z ##[group]Checking out the ref
2025-09-29T11:55:51.0448377Z [command]/usr/bin/git checkout --progress --force -B main refs/remotes/origin/main
2025-09-29T11:55:51.8306442Z Switched to a new branch 'main'
2025-09-29T11:55:51.8307467Z branch 'main' set up to track 'origin/main'.
2025-09-29T11:55:51.8626286Z ##[debug]0
2025-09-29T11:55:51.8627620Z ##[debug]branch 'main' set up to track 'origin/main'.
2025-09-29T11:55:51.8628556Z ##[debug]
2025-09-29T11:55:51.8629816Z ::endgroup::
2025-09-29T11:55:51.8630405Z ##[endgroup]
2025-09-29T11:55:51.8663434Z ##[debug]0
2025-09-29T11:55:51.8664580Z ##[debug]commit 2bdd8786829f6bc3f65aa9641a6c3e348fb7322f
2025-09-29T11:55:51.8665735Z ##[debug]Author: CHETAN B R <***1996@gmail.com>
2025-09-29T11:55:51.8666627Z ##[debug]Date:   Mon Sep 29 17:17:05 2025 +0530
2025-09-29T11:55:51.8667449Z ##[debug]
2025-09-29T11:55:51.8668403Z ##[debug]    Fix database SSL configuration for Aiven PostgreSQL
2025-09-29T11:55:51.8669212Z ##[debug]    
2025-09-29T11:55:51.8670059Z ##[debug]    - Updated SSL configuration to handle self-signed certificates properly
2025-09-29T11:55:51.8671148Z ##[debug]    - Set rejectUnauthorized: false for production environment
2025-09-29T11:55:51.8672209Z ##[debug]    - This resolves the 'SELF_SIGNED_CERT_IN_CHAIN' errors in Azure deployment
2025-09-29T11:55:51.8673067Z ##[debug]
2025-09-29T11:55:51.8673750Z [command]/usr/bin/git log -1 --format=%H
2025-09-29T11:55:51.8693944Z 2bdd8786829f6bc3f65aa9641a6c3e348fb7322f
2025-09-29T11:55:51.8700095Z ##[debug]0
2025-09-29T11:55:51.8701172Z ##[debug]2bdd8786829f6bc3f65aa9641a6c3e348fb7322f
2025-09-29T11:55:51.8701912Z ##[debug]
2025-09-29T11:55:51.8706724Z ##[debug]Unsetting HOME override
2025-09-29T11:55:51.8716036Z ::remove-matcher owner=checkout-git::
2025-09-29T11:55:51.8731116Z ##[debug]Removed matchers: 'checkout-git'
2025-09-29T11:55:51.8786935Z ##[debug]Node Action run completed with exit code 0
2025-09-29T11:55:51.8820878Z ##[debug]Save intra-action state isPost = true
2025-09-29T11:55:51.8821515Z ##[debug]Save intra-action state setSafeDirectory = true
2025-09-29T11:55:51.8822166Z ##[debug]Save intra-action state repositoryPath = /home/runner/work/Avy-Tracker/Avy-Tracker
2025-09-29T11:55:51.8825881Z ##[debug]Set output commit = 2bdd8786829f6bc3f65aa9641a6c3e348fb7322f
2025-09-29T11:55:51.8826847Z ##[debug]Set output ref = refs/heads/main
2025-09-29T11:55:51.8832786Z ##[debug]Finishing: Checkout repository
2025-09-29T11:55:51.8845969Z ##[debug]Evaluating condition for step: 'Write CA certificate'
2025-09-29T11:55:51.8849099Z ##[debug]Evaluating: success()
2025-09-29T11:55:51.8849677Z ##[debug]Evaluating success:
2025-09-29T11:55:51.8850435Z ##[debug]=> true
2025-09-29T11:55:51.8850988Z ##[debug]Result: true
2025-09-29T11:55:51.8852135Z ##[debug]Starting: Write CA certificate
2025-09-29T11:55:51.8864331Z ##[debug]Loading inputs
2025-09-29T11:55:51.8880601Z ##[debug]Evaluating: format('mkdir -p backend/src/config
2025-09-29T11:55:51.8881135Z ##[debug]printf ''%s'' "{0}" > backend/src/config/ca.pem
2025-09-29T11:55:51.8881583Z ##[debug]', secrets.CA_PEM)
2025-09-29T11:55:51.8882006Z ##[debug]Evaluating format:
2025-09-29T11:55:51.8885379Z ##[debug]..Evaluating String:
2025-09-29T11:55:51.8885869Z ##[debug]..=> 'mkdir -p backend/src/config
2025-09-29T11:55:51.8886357Z ##[debug]printf ''%s'' "{0}" > backend/src/config/ca.pem
2025-09-29T11:55:51.8886789Z ##[debug]'
2025-09-29T11:55:51.8899207Z ##[debug]..Evaluating Index:
2025-09-29T11:55:51.8899644Z ##[debug]....Evaluating secrets:
2025-09-29T11:55:51.8900080Z ##[debug]....=> Object
2025-09-29T11:55:51.8900462Z ##[debug]....Evaluating String:
2025-09-29T11:55:51.8900852Z ##[debug]....=> 'CA_PEM'
2025-09-29T11:55:51.8901520Z ##[debug]..=> '***
2025-09-29T11:55:51.8902059Z ##[debug]***
2025-09-29T11:55:51.8902558Z ##[debug]***
2025-09-29T11:55:51.8903078Z ##[debug]***
2025-09-29T11:55:51.8903555Z ##[debug]***
2025-09-29T11:55:51.8904023Z ##[debug]***
2025-09-29T11:55:51.8904506Z ##[debug]***
2025-09-29T11:55:51.8904965Z ##[debug]***
2025-09-29T11:55:51.8905412Z ##[debug]***
2025-09-29T11:55:51.8905872Z ##[debug]***
2025-09-29T11:55:51.8906320Z ##[debug]***
2025-09-29T11:55:51.8906777Z ##[debug]***
2025-09-29T11:55:51.8907253Z ##[debug]***
2025-09-29T11:55:51.8907988Z ##[debug]***
2025-09-29T11:55:51.8908550Z ##[debug]***
2025-09-29T11:55:51.8908994Z ##[debug]***
2025-09-29T11:55:51.8909452Z ##[debug]***
2025-09-29T11:55:51.8909887Z ##[debug]***
2025-09-29T11:55:51.8910370Z ##[debug]***
2025-09-29T11:55:51.8910833Z ##[debug]***
2025-09-29T11:55:51.8911511Z ##[debug]***
2025-09-29T11:55:51.8911970Z ##[debug]***
2025-09-29T11:55:51.8912413Z ##[debug]***
2025-09-29T11:55:51.8912854Z ##[debug]***
2025-09-29T11:55:51.8913177Z ##[debug]***
2025-09-29T11:55:51.8913517Z ##[debug]***'
2025-09-29T11:55:51.8914704Z ##[debug]=> 'mkdir -p backend/src/config
2025-09-29T11:55:51.8915214Z ##[debug]printf ''%s'' "***
2025-09-29T11:55:51.8915752Z ##[debug]***
2025-09-29T11:55:51.8916230Z ##[debug]***
2025-09-29T11:55:51.8916698Z ##[debug]***
2025-09-29T11:55:51.8917160Z ##[debug]***
2025-09-29T11:55:51.8917628Z ##[debug]***
2025-09-29T11:55:51.8918417Z ##[debug]***
2025-09-29T11:55:51.8918888Z ##[debug]***
2025-09-29T11:55:51.8919323Z ##[debug]***
2025-09-29T11:55:51.8919777Z ##[debug]***
2025-09-29T11:55:51.8920226Z ##[debug]***
2025-09-29T11:55:51.8920684Z ##[debug]***
2025-09-29T11:55:51.8921123Z ##[debug]***
2025-09-29T11:55:51.8921578Z ##[debug]***
2025-09-29T11:55:51.8922041Z ##[debug]***
2025-09-29T11:55:51.8922479Z ##[debug]***
2025-09-29T11:55:51.8922951Z ##[debug]***
2025-09-29T11:55:51.8923381Z ##[debug]***
2025-09-29T11:55:51.8923836Z ##[debug]***
2025-09-29T11:55:51.8924325Z ##[debug]***
2025-09-29T11:55:51.8924763Z ##[debug]***
2025-09-29T11:55:51.8925229Z ##[debug]***
2025-09-29T11:55:51.8925680Z ##[debug]***
2025-09-29T11:55:51.8926114Z ##[debug]***
2025-09-29T11:55:51.8926424Z ##[debug]***
2025-09-29T11:55:51.8926818Z ##[debug]***" > backend/src/config/ca.pem
2025-09-29T11:55:51.8927198Z ##[debug]'
2025-09-29T11:55:51.8927623Z ##[debug]Result: 'mkdir -p backend/src/config
2025-09-29T11:55:51.8928420Z ##[debug]printf ''%s'' "***
2025-09-29T11:55:51.8928957Z ##[debug]***
2025-09-29T11:55:51.8929434Z ##[debug]***
2025-09-29T11:55:51.8929895Z ##[debug]***
2025-09-29T11:55:51.8930356Z ##[debug]***
2025-09-29T11:55:51.8930822Z ##[debug]***
2025-09-29T11:55:51.8931288Z ##[debug]***
2025-09-29T11:55:51.8931757Z ##[debug]***
2025-09-29T11:55:51.8932193Z ##[debug]***
2025-09-29T11:55:51.8932883Z ##[debug]***
2025-09-29T11:55:51.8933651Z ##[debug]***
2025-09-29T11:55:51.8934346Z ##[debug]***
2025-09-29T11:55:51.8934798Z ##[debug]***
2025-09-29T11:55:51.8935255Z ##[debug]***
2025-09-29T11:55:51.8935711Z ##[debug]***
2025-09-29T11:55:51.8936156Z ##[debug]***
2025-09-29T11:55:51.8936619Z ##[debug]***
2025-09-29T11:55:51.8937051Z ##[debug]***
2025-09-29T11:55:51.8937505Z ##[debug]***
2025-09-29T11:55:51.8938113Z ##[debug]***
2025-09-29T11:55:51.8938553Z ##[debug]***
2025-09-29T11:55:51.8939027Z ##[debug]***
2025-09-29T11:55:51.8939510Z ##[debug]***
2025-09-29T11:55:51.8939949Z ##[debug]***
2025-09-29T11:55:51.8940266Z ##[debug]***
2025-09-29T11:55:51.8940676Z ##[debug]***" > backend/src/config/ca.pem
2025-09-29T11:55:51.8941068Z ##[debug]'
2025-09-29T11:55:51.8945907Z ##[debug]Loading env
2025-09-29T11:55:51.8962380Z ##[group]Run mkdir -p backend/src/config
2025-09-29T11:55:51.8962908Z [36;1mmkdir -p backend/src/config[0m
2025-09-29T11:55:51.8963433Z [36;1mprintf '%s' "***[0m
2025-09-29T11:55:51.8964009Z [36;1m***[0m
2025-09-29T11:55:51.8964523Z [36;1m***[0m
2025-09-29T11:55:51.8965015Z [36;1m***[0m
2025-09-29T11:55:51.8965496Z [36;1m***[0m
2025-09-29T11:55:51.8965983Z [36;1m***[0m
2025-09-29T11:55:51.8966465Z [36;1m***[0m
2025-09-29T11:55:51.8966937Z [36;1m***[0m
2025-09-29T11:55:51.8967380Z [36;1m***[0m
2025-09-29T11:55:51.8968242Z [36;1m***[0m
2025-09-29T11:55:51.8968719Z [36;1m***[0m
2025-09-29T11:55:51.8969189Z [36;1m***[0m
2025-09-29T11:55:51.8969633Z [36;1m***[0m
2025-09-29T11:55:51.8970100Z [36;1m***[0m
2025-09-29T11:55:51.8970574Z [36;1m***[0m
2025-09-29T11:55:51.8971037Z [36;1m***[0m
2025-09-29T11:55:51.8971509Z [36;1m***[0m
2025-09-29T11:55:51.8971951Z [36;1m***[0m
2025-09-29T11:55:51.8972415Z [36;1m***[0m
2025-09-29T11:55:51.8972893Z [36;1m***[0m
2025-09-29T11:55:51.8973340Z [36;1m***[0m
2025-09-29T11:55:51.8973806Z [36;1m***[0m
2025-09-29T11:55:51.8974252Z [36;1m***[0m
2025-09-29T11:55:51.8974691Z [36;1m***[0m
2025-09-29T11:55:51.8975007Z [36;1m***[0m
2025-09-29T11:55:51.8975409Z [36;1m***" > backend/src/config/ca.pem[0m
2025-09-29T11:55:51.9011146Z shell: /usr/bin/bash -e {0}
2025-09-29T11:55:51.9011548Z ##[endgroup]
2025-09-29T11:55:51.9066793Z ##[debug]/usr/bin/bash -e /home/runner/work/_temp/3466706e-7da6-4495-88cb-c27535fcf0bf.sh
2025-09-29T11:55:51.9111369Z ##[debug]Finishing: Write CA certificate
2025-09-29T11:55:51.9118868Z ##[debug]Evaluating condition for step: 'Write Firebase service account key'
2025-09-29T11:55:51.9120551Z ##[debug]Evaluating: success()
2025-09-29T11:55:51.9121113Z ##[debug]Evaluating success:
2025-09-29T11:55:51.9121694Z ##[debug]=> true
2025-09-29T11:55:51.9122220Z ##[debug]Result: true
2025-09-29T11:55:51.9122996Z ##[debug]Starting: Write Firebase service account key
2025-09-29T11:55:51.9132757Z ##[debug]Loading inputs
2025-09-29T11:55:51.9134506Z ##[debug]Evaluating: format('mkdir -p backend/src/config
2025-09-29T11:55:51.9135091Z ##[debug]echo "{0}" | base64 -d > backend/src/config/admin-service-key.json
2025-09-29T11:55:51.9135647Z ##[debug]', secrets.FIREBASE_SERVICE_ACCOUNT_JSON_BASE64)
2025-09-29T11:55:51.9136136Z ##[debug]Evaluating format:
2025-09-29T11:55:51.9136773Z ##[debug]..Evaluating String:
2025-09-29T11:55:51.9137455Z ##[debug]..=> 'mkdir -p backend/src/config
2025-09-29T11:55:51.9138594Z ##[debug]echo "{0}" | base64 -d > backend/src/config/admin-service-key.json
2025-09-29T11:55:51.9139270Z ##[debug]'
2025-09-29T11:55:51.9140048Z ##[debug]..Evaluating Index:
2025-09-29T11:55:51.9140671Z ##[debug]....Evaluating secrets:
2025-09-29T11:55:51.9141288Z ##[debug]....=> Object
2025-09-29T11:55:51.9141904Z ##[debug]....Evaluating String:
2025-09-29T11:55:51.9160277Z ##[debug]....=> 'FIREBASE_SERVICE_ACCOUNT_JSON_BASE64'
2025-09-29T11:55:51.9270151Z ##[debug]..=> '***'
2025-09-29T11:55:51.9270727Z ##[debug]=> 'mkdir -p backend/src/config
2025-09-29T11:55:51.9379521Z ##[debug]echo "***" | base64 -d > backend/src/config/admin-service-key.json
2025-09-29T11:55:51.9380014Z ##[debug]'
2025-09-29T11:55:51.9380456Z ##[debug]Result: 'mkdir -p backend/src/config
2025-09-29T11:55:51.9488762Z ##[debug]echo "***" | base64 -d > backend/src/config/admin-service-key.json
2025-09-29T11:55:51.9489241Z ##[debug]'
2025-09-29T11:55:51.9489892Z ##[debug]Loading env
2025-09-29T11:55:51.9496063Z ##[group]Run mkdir -p backend/src/config
2025-09-29T11:55:51.9496577Z [36;1mmkdir -p backend/src/config[0m
2025-09-29T11:55:51.9605442Z [36;1mecho "***" | base64 -d > backend/src/config/admin-service-key.json[0m
2025-09-29T11:55:51.9638195Z shell: /usr/bin/bash -e {0}
2025-09-29T11:55:51.9638572Z ##[endgroup]
2025-09-29T11:55:51.9672648Z ##[debug]/usr/bin/bash -e /home/runner/work/_temp/2077f2fc-a0b3-4923-ba02-96a70441635e.sh
2025-09-29T11:55:51.9730047Z ##[debug]Finishing: Write Firebase service account key
2025-09-29T11:55:51.9738408Z ##[debug]Evaluating condition for step: 'Set up environment variables'
2025-09-29T11:55:51.9740292Z ##[debug]Evaluating: success()
2025-09-29T11:55:51.9740856Z ##[debug]Evaluating success:
2025-09-29T11:55:51.9741564Z ##[debug]=> true
2025-09-29T11:55:51.9742127Z ##[debug]Result: true
2025-09-29T11:55:51.9742937Z ##[debug]Starting: Set up environment variables
2025-09-29T11:55:51.9753162Z ##[debug]Loading inputs
2025-09-29T11:55:51.9755874Z ##[debug]Evaluating: format('mkdir -p backend/src/config
2025-09-29T11:55:51.9756361Z ##[debug]cat > backend/.env << EOF
2025-09-29T11:55:51.9756774Z ##[debug]DATABASE_URL={0}
2025-09-29T11:55:51.9757130Z ##[debug]JWT_SECRET={1}
2025-09-29T11:55:51.9757483Z ##[debug]JWT_REFRESH_SECRET={2}
2025-09-29T11:55:51.9758046Z ##[debug]SESSION_SECRET={3}
2025-09-29T11:55:51.9758433Z ##[debug]BIOMETRIC_ENCRYPTION_KEY={4}
2025-09-29T11:55:51.9758861Z ##[debug]EMAIL_USER={5}
2025-09-29T11:55:51.9759195Z ##[debug]EMAIL_PASS={6}
2025-09-29T11:55:51.9759577Z ##[debug]GOOGLE_GEMINI_API_KEY={7}
2025-09-29T11:55:51.9759967Z ##[debug]REDIS_URL={8}
2025-09-29T11:55:51.9760311Z ##[debug]SPARROW_ENDPOINT={9}
2025-09-29T11:55:51.9760675Z ##[debug]GOOGLE_MAPS_API_KEY={10}
2025-09-29T11:55:51.9761057Z ##[debug]TWILIO_ACCOUNT_SID={11}
2025-09-29T11:55:51.9761662Z ##[debug]TWILIO_AUTH_TOKEN={12}
2025-09-29T11:55:51.9762032Z ##[debug]TWILIO_PHONE_NUMBER={13}
2025-09-29T11:55:51.9762409Z ##[debug]FRONTEND_URL={14}
2025-09-29T11:55:51.9762770Z ##[debug]API_BASE_URL={15}
2025-09-29T11:55:51.9763125Z ##[debug]NODE_ENV=production
2025-09-29T11:55:51.9763478Z ##[debug]PORT=8080
2025-09-29T11:55:51.9763822Z ##[debug]DATABASE_SSL_MODE=require
2025-09-29T11:55:51.9764213Z ##[debug]USE_GOOGLE_PLACES=false
2025-09-29T11:55:51.9764602Z ##[debug]FACE_VERIFICATION_THRESHOLD=0.85
2025-09-29T11:55:51.9765021Z ##[debug]FACE_LIVENESS_THRESHOLD=0.7
2025-09-29T11:55:51.9765429Z ##[debug]MAX_FACE_VERIFICATION_ATTEMPTS=3
2025-09-29T11:55:51.9765843Z ##[debug]FACE_VERIFICATION_TIMEOUT=30000
2025-09-29T11:55:51.9766261Z ##[debug]DEFAULT_GEOFENCE_RADIUS=100
2025-09-29T11:55:51.9766668Z ##[debug]GEOFENCE_ACCURACY_THRESHOLD=10
2025-09-29T11:55:51.9767076Z ##[debug]MAX_GEOFENCE_ZONES=50
2025-09-29T11:55:51.9767448Z ##[debug]BCRYPT_ROUNDS=12
2025-09-29T11:55:51.9768128Z ##[debug]RATE_LIMIT_WINDOW_MS=900000
2025-09-29T11:55:51.9768554Z ##[debug]RATE_LIMIT_MAX_REQUESTS=100
2025-09-29T11:55:51.9768958Z ##[debug]HELMET_ENABLED=true
2025-09-29T11:55:51.9769322Z ##[debug]HTTPS_ONLY=true
2025-09-29T11:55:51.9769668Z ##[debug]SECURE_COOKIES=true
2025-09-29T11:55:51.9770041Z ##[debug]ENABLE_FACE_VERIFICATION=true
2025-09-29T11:55:51.9770449Z ##[debug]ENABLE_OTP_VERIFICATION=true
2025-09-29T11:55:51.9770851Z ##[debug]ENABLE_GEOFENCE_TRACKING=true
2025-09-29T11:55:51.9771245Z ##[debug]ENABLE_OFFLINE_MODE=true
2025-09-29T11:55:51.9771634Z ##[debug]ENABLE_BIOMETRIC_STORAGE=true
2025-09-29T11:55:51.9772037Z ##[debug]ENABLE_ADVANCED_ANALYTICS=true
2025-09-29T11:55:51.9772421Z ##[debug]EOF
2025-09-29T11:55:51.9773948Z ##[debug]', secrets.DATABASE_URL, secrets.JWT_SECRET, secrets.JWT_REFRESH_SECRET, secrets.SESSION_SECRET, secrets.BIOMETRIC_ENCRYPTION_KEY, secrets.EMAIL_USER, secrets.EMAIL_PASS, secrets.GOOGLE_GEMINI_API_KEY, secrets.REDIS_URL, secrets.SPARROW_ENDPOINT, secrets.GOOGLE_MAPS_API_KEY, secrets.TWILIO_ACCOUNT_SID, secrets.TWILIO_AUTH_TOKEN, secrets.TWILIO_PHONE_NUMBER, secrets.FRONTEND_URL, secrets.API_BASE_URL)
2025-09-29T11:55:51.9775572Z ##[debug]Evaluating format:
2025-09-29T11:55:51.9775973Z ##[debug]..Evaluating String:
2025-09-29T11:55:51.9776445Z ##[debug]..=> 'mkdir -p backend/src/config
2025-09-29T11:55:51.9776870Z ##[debug]cat > backend/.env << EOF
2025-09-29T11:55:51.9777253Z ##[debug]DATABASE_URL={0}
2025-09-29T11:55:51.9777603Z ##[debug]JWT_SECRET={1}
2025-09-29T11:55:51.9778206Z ##[debug]JWT_REFRESH_SECRET={2}
2025-09-29T11:55:51.9778574Z ##[debug]SESSION_SECRET={3}
2025-09-29T11:55:51.9778955Z ##[debug]BIOMETRIC_ENCRYPTION_KEY={4}
2025-09-29T11:55:51.9779343Z ##[debug]EMAIL_USER={5}
2025-09-29T11:55:51.9779865Z ##[debug]EMAIL_PASS={6}
2025-09-29T11:55:51.9780222Z ##[debug]GOOGLE_GEMINI_API_KEY={7}
2025-09-29T11:55:51.9780587Z ##[debug]REDIS_URL={8}
2025-09-29T11:55:51.9780924Z ##[debug]SPARROW_ENDPOINT={9}
2025-09-29T11:55:51.9781295Z ##[debug]GOOGLE_MAPS_API_KEY={10}
2025-09-29T11:55:51.9781686Z ##[debug]TWILIO_ACCOUNT_SID={11}
2025-09-29T11:55:51.9782056Z ##[debug]TWILIO_AUTH_TOKEN={12}
2025-09-29T11:55:51.9782425Z ##[debug]TWILIO_PHONE_NUMBER={13}
2025-09-29T11:55:51.9782806Z ##[debug]FRONTEND_URL={14}
2025-09-29T11:55:51.9783157Z ##[debug]API_BASE_URL={15}
2025-09-29T11:55:51.9783507Z ##[debug]NODE_ENV=production
2025-09-29T11:55:51.9783858Z ##[debug]PORT=8080
2025-09-29T11:55:51.9784200Z ##[debug]DATABASE_SSL_MODE=require
2025-09-29T11:55:51.9784579Z ##[debug]USE_GOOGLE_PLACES=false
2025-09-29T11:55:51.9784966Z ##[debug]FACE_VERIFICATION_THRESHOLD=0.85
2025-09-29T11:55:51.9785382Z ##[debug]FACE_LIVENESS_THRESHOLD=0.7
2025-09-29T11:55:51.9785787Z ##[debug]MAX_FACE_VERIFICATION_ATTEMPTS=3
2025-09-29T11:55:51.9786213Z ##[debug]FACE_VERIFICATION_TIMEOUT=30000
2025-09-29T11:55:51.9786627Z ##[debug]DEFAULT_GEOFENCE_RADIUS=100
2025-09-29T11:55:51.9787026Z ##[debug]GEOFENCE_ACCURACY_THRESHOLD=10
2025-09-29T11:55:51.9787428Z ##[debug]MAX_GEOFENCE_ZONES=50
2025-09-29T11:55:51.9788196Z ##[debug]BCRYPT_ROUNDS=12
2025-09-29T11:55:51.9788567Z ##[debug]RATE_LIMIT_WINDOW_MS=900000
2025-09-29T11:55:51.9788953Z ##[debug]RATE_LIMIT_MAX_REQUESTS=100
2025-09-29T11:55:51.9789331Z ##[debug]HELMET_ENABLED=true
2025-09-29T11:55:51.9789685Z ##[debug]HTTPS_ONLY=true
2025-09-29T11:55:51.9790029Z ##[debug]SECURE_COOKIES=true
2025-09-29T11:55:51.9790403Z ##[debug]ENABLE_FACE_VERIFICATION=true
2025-09-29T11:55:51.9790813Z ##[debug]ENABLE_OTP_VERIFICATION=true
2025-09-29T11:55:51.9791212Z ##[debug]ENABLE_GEOFENCE_TRACKING=true
2025-09-29T11:55:51.9791610Z ##[debug]ENABLE_OFFLINE_MODE=true
2025-09-29T11:55:51.9792000Z ##[debug]ENABLE_BIOMETRIC_STORAGE=true
2025-09-29T11:55:51.9792400Z ##[debug]ENABLE_ADVANCED_ANALYTICS=true
2025-09-29T11:55:51.9792801Z ##[debug]EOF
2025-09-29T11:55:51.9793111Z ##[debug]'
2025-09-29T11:55:51.9793751Z ##[debug]..Evaluating Index:
2025-09-29T11:55:51.9794161Z ##[debug]....Evaluating secrets:
2025-09-29T11:55:51.9794567Z ##[debug]....=> Object
2025-09-29T11:55:51.9794955Z ##[debug]....Evaluating String:
2025-09-29T11:55:51.9795354Z ##[debug]....=> 'DATABASE_URL'
2025-09-29T11:55:51.9796381Z ##[debug]..=> '***'
2025-09-29T11:55:51.9796781Z ##[debug]..Evaluating Index:
2025-09-29T11:55:51.9797173Z ##[debug]....Evaluating secrets:
2025-09-29T11:55:51.9797562Z ##[debug]....=> Object
2025-09-29T11:55:51.9798099Z ##[debug]....Evaluating String:
2025-09-29T11:55:51.9798490Z ##[debug]....=> 'JWT_SECRET'
2025-09-29T11:55:51.9799311Z ##[debug]..=> '***'
2025-09-29T11:55:51.9799686Z ##[debug]..Evaluating Index:
2025-09-29T11:55:51.9800055Z ##[debug]....Evaluating secrets:
2025-09-29T11:55:51.9800430Z ##[debug]....=> Object
2025-09-29T11:55:51.9800781Z ##[debug]....Evaluating String:
2025-09-29T11:55:51.9801181Z ##[debug]....=> 'JWT_REFRESH_SECRET'
2025-09-29T11:55:51.9801748Z ##[debug]..=> '***'
2025-09-29T11:55:51.9802111Z ##[debug]..Evaluating Index:
2025-09-29T11:55:51.9802493Z ##[debug]....Evaluating secrets:
2025-09-29T11:55:51.9802870Z ##[debug]....=> Object
2025-09-29T11:55:51.9803216Z ##[debug]....Evaluating String:
2025-09-29T11:55:51.9803617Z ##[debug]....=> 'SESSION_SECRET'
2025-09-29T11:55:51.9804056Z ##[debug]..=> '***'
2025-09-29T11:55:51.9804406Z ##[debug]..Evaluating Index:
2025-09-29T11:55:51.9804764Z ##[debug]....Evaluating secrets:
2025-09-29T11:55:51.9805128Z ##[debug]....=> Object
2025-09-29T11:55:51.9805479Z ##[debug]....Evaluating String:
2025-09-29T11:55:51.9805865Z ##[debug]....=> 'BIOMETRIC_ENCRYPTION_KEY'
2025-09-29T11:55:51.9806328Z ##[debug]..=> '***'
2025-09-29T11:55:51.9806683Z ##[debug]..Evaluating Index:
2025-09-29T11:55:51.9807045Z ##[debug]....Evaluating secrets:
2025-09-29T11:55:51.9807438Z ##[debug]....=> Object
2025-09-29T11:55:51.9808029Z ##[debug]....Evaluating String:
2025-09-29T11:55:51.9808596Z ##[debug]....=> 'EMAIL_USER'
2025-09-29T11:55:51.9809064Z ##[debug]..=> '***'
2025-09-29T11:55:51.9809432Z ##[debug]..Evaluating Index:
2025-09-29T11:55:51.9809846Z ##[debug]....Evaluating secrets:
2025-09-29T11:55:51.9810363Z ##[debug]....=> Object
2025-09-29T11:55:51.9810751Z ##[debug]....Evaluating String:
2025-09-29T11:55:51.9811139Z ##[debug]....=> 'EMAIL_PASS'
2025-09-29T11:55:51.9811566Z ##[debug]..=> '***'
2025-09-29T11:55:51.9811931Z ##[debug]..Evaluating Index:
2025-09-29T11:55:51.9812330Z ##[debug]....Evaluating secrets:
2025-09-29T11:55:51.9812711Z ##[debug]....=> Object
2025-09-29T11:55:51.9813061Z ##[debug]....Evaluating String:
2025-09-29T11:55:51.9813444Z ##[debug]....=> 'GOOGLE_GEMINI_API_KEY'
2025-09-29T11:55:51.9813934Z ##[debug]..=> '***'
2025-09-29T11:55:51.9814287Z ##[debug]..Evaluating Index:
2025-09-29T11:55:51.9814663Z ##[debug]....Evaluating secrets:
2025-09-29T11:55:51.9815042Z ##[debug]....=> Object
2025-09-29T11:55:51.9815387Z ##[debug]....Evaluating String:
2025-09-29T11:55:51.9815760Z ##[debug]....=> 'REDIS_URL'
2025-09-29T11:55:51.9816524Z ##[debug]..=> '***'
2025-09-29T11:55:51.9816893Z ##[debug]..Evaluating Index:
2025-09-29T11:55:51.9817268Z ##[debug]....Evaluating secrets:
2025-09-29T11:55:51.9817639Z ##[debug]....=> Object
2025-09-29T11:55:51.9818367Z ##[debug]....Evaluating String:
2025-09-29T11:55:51.9818762Z ##[debug]....=> 'SPARROW_ENDPOINT'
2025-09-29T11:55:51.9819276Z ##[debug]..=> '***'
2025-09-29T11:55:51.9819647Z ##[debug]..Evaluating Index:
2025-09-29T11:55:51.9820027Z ##[debug]....Evaluating secrets:
2025-09-29T11:55:51.9820411Z ##[debug]....=> Object
2025-09-29T11:55:51.9820788Z ##[debug]....Evaluating String:
2025-09-29T11:55:51.9821179Z ##[debug]....=> 'GOOGLE_MAPS_API_KEY'
2025-09-29T11:55:51.9821728Z ##[debug]..=> '***'
2025-09-29T11:55:51.9822091Z ##[debug]..Evaluating Index:
2025-09-29T11:55:51.9822454Z ##[debug]....Evaluating secrets:
2025-09-29T11:55:51.9822822Z ##[debug]....=> Object
2025-09-29T11:55:51.9823174Z ##[debug]....Evaluating String:
2025-09-29T11:55:51.9823575Z ##[debug]....=> 'TWILIO_ACCOUNT_SID'
2025-09-29T11:55:51.9824050Z ##[debug]..=> '***'
2025-09-29T11:55:51.9824405Z ##[debug]..Evaluating Index:
2025-09-29T11:55:51.9824782Z ##[debug]....Evaluating secrets:
2025-09-29T11:55:51.9825154Z ##[debug]....=> Object
2025-09-29T11:55:51.9825517Z ##[debug]....Evaluating String:
2025-09-29T11:55:51.9825896Z ##[debug]....=> 'TWILIO_AUTH_TOKEN'
2025-09-29T11:55:51.9826337Z ##[debug]..=> '***'
2025-09-29T11:55:51.9826692Z ##[debug]..Evaluating Index:
2025-09-29T11:55:51.9827059Z ##[debug]....Evaluating secrets:
2025-09-29T11:55:51.9827427Z ##[debug]....=> Object
2025-09-29T11:55:51.9827888Z ##[debug]....Evaluating String:
2025-09-29T11:55:51.9828287Z ##[debug]....=> 'TWILIO_PHONE_NUMBER'
2025-09-29T11:55:51.9828711Z ##[debug]..=> '***'
2025-09-29T11:55:51.9829076Z ##[debug]..Evaluating Index:
2025-09-29T11:55:51.9829447Z ##[debug]....Evaluating secrets:
2025-09-29T11:55:51.9829821Z ##[debug]....=> Object
2025-09-29T11:55:51.9830176Z ##[debug]....Evaluating String:
2025-09-29T11:55:51.9830551Z ##[debug]....=> 'FRONTEND_URL'
2025-09-29T11:55:51.9830996Z ##[debug]..=> '***'
2025-09-29T11:55:51.9831344Z ##[debug]..Evaluating Index:
2025-09-29T11:55:51.9831715Z ##[debug]....Evaluating secrets:
2025-09-29T11:55:51.9832090Z ##[debug]....=> Object
2025-09-29T11:55:51.9832448Z ##[debug]....Evaluating String:
2025-09-29T11:55:51.9832814Z ##[debug]....=> 'API_BASE_URL'
2025-09-29T11:55:51.9833246Z ##[debug]..=> '***'
2025-09-29T11:55:51.9833680Z ##[debug]=> 'mkdir -p backend/src/config
2025-09-29T11:55:51.9834102Z ##[debug]cat > backend/.env << EOF
2025-09-29T11:55:51.9834937Z ##[debug]DATABASE_URL=***
2025-09-29T11:55:51.9835727Z ##[debug]JWT_SECRET=***
2025-09-29T11:55:51.9836275Z ##[debug]JWT_REFRESH_SECRET=***
2025-09-29T11:55:51.9836705Z ##[debug]SESSION_SECRET=***
2025-09-29T11:55:51.9837170Z ##[debug]BIOMETRIC_ENCRYPTION_KEY=***
2025-09-29T11:55:51.9837606Z ##[debug]EMAIL_USER=***
2025-09-29T11:55:51.9838098Z ##[debug]EMAIL_PASS=***
2025-09-29T11:55:51.9838726Z ##[debug]GOOGLE_GEMINI_API_KEY=***
2025-09-29T11:55:51.9839485Z ##[debug]REDIS_URL=***
2025-09-29T11:55:51.9839953Z ##[debug]SPARROW_ENDPOINT=***
2025-09-29T11:55:51.9840427Z ##[debug]GOOGLE_MAPS_API_KEY=***
2025-09-29T11:55:51.9840878Z ##[debug]TWILIO_ACCOUNT_SID=***
2025-09-29T11:55:51.9841308Z ##[debug]TWILIO_AUTH_TOKEN=***
2025-09-29T11:55:51.9841691Z ##[debug]TWILIO_PHONE_NUMBER=***
2025-09-29T11:55:51.9842113Z ##[debug]FRONTEND_URL=***
2025-09-29T11:55:51.9842506Z ##[debug]API_BASE_URL=***
2025-09-29T11:55:51.9842860Z ##[debug]NODE_ENV=production
2025-09-29T11:55:51.9843214Z ##[debug]PORT=8080
2025-09-29T11:55:51.9843553Z ##[debug]DATABASE_SSL_MODE=require
2025-09-29T11:55:51.9843942Z ##[debug]USE_GOOGLE_PLACES=false
2025-09-29T11:55:51.9844333Z ##[debug]FACE_VERIFICATION_THRESHOLD=0.85
2025-09-29T11:55:51.9844754Z ##[debug]FACE_LIVENESS_THRESHOLD=0.7
2025-09-29T11:55:51.9845165Z ##[debug]MAX_FACE_VERIFICATION_ATTEMPTS=3
2025-09-29T11:55:51.9845584Z ##[debug]FACE_VERIFICATION_TIMEOUT=30000
2025-09-29T11:55:51.9845993Z ##[debug]DEFAULT_GEOFENCE_RADIUS=100
2025-09-29T11:55:51.9846392Z ##[debug]GEOFENCE_ACCURACY_THRESHOLD=10
2025-09-29T11:55:51.9846795Z ##[debug]MAX_GEOFENCE_ZONES=50
2025-09-29T11:55:51.9847200Z ##[debug]BCRYPT_ROUNDS=12
2025-09-29T11:55:51.9847567Z ##[debug]RATE_LIMIT_WINDOW_MS=900000
2025-09-29T11:55:51.9848372Z ##[debug]RATE_LIMIT_MAX_REQUESTS=100
2025-09-29T11:55:51.9848774Z ##[debug]HELMET_ENABLED=true
2025-09-29T11:55:51.9849135Z ##[debug]HTTPS_ONLY=true
2025-09-29T11:55:51.9849487Z ##[debug]SECURE_COOKIES=true
2025-09-29T11:55:51.9849868Z ##[debug]ENABLE_FACE_VERIFICATION=true
2025-09-29T11:55:51.9850279Z ##[debug]ENABLE_OTP_VERIFICATION=true
2025-09-29T11:55:51.9850685Z ##[debug]ENABLE_GEOFENCE_TRACKING=true
2025-09-29T11:55:51.9851088Z ##[debug]ENABLE_OFFLINE_MODE=true
2025-09-29T11:55:51.9851484Z ##[debug]ENABLE_BIOMETRIC_STORAGE=true
2025-09-29T11:55:51.9851894Z ##[debug]ENABLE_ADVANCED_ANALYTICS=true
2025-09-29T11:55:51.9852281Z ##[debug]EOF
2025-09-29T11:55:51.9852598Z ##[debug]'
2025-09-29T11:55:51.9853055Z ##[debug]Result: 'mkdir -p backend/src/config
2025-09-29T11:55:51.9853498Z ##[debug]cat > backend/.env << EOF
2025-09-29T11:55:51.9854370Z ##[debug]DATABASE_URL=***
2025-09-29T11:55:51.9855168Z ##[debug]JWT_SECRET=***
2025-09-29T11:55:51.9855729Z ##[debug]JWT_REFRESH_SECRET=***
2025-09-29T11:55:51.9856163Z ##[debug]SESSION_SECRET=***
2025-09-29T11:55:51.9856625Z ##[debug]BIOMETRIC_ENCRYPTION_KEY=***
2025-09-29T11:55:51.9857072Z ##[debug]EMAIL_USER=***
2025-09-29T11:55:51.9857451Z ##[debug]EMAIL_PASS=***
2025-09-29T11:55:51.9858539Z ##[debug]GOOGLE_GEMINI_API_KEY=***
2025-09-29T11:55:51.9859330Z ##[debug]REDIS_URL=***
2025-09-29T11:55:51.9859797Z ##[debug]SPARROW_ENDPOINT=***
2025-09-29T11:55:51.9860278Z ##[debug]GOOGLE_MAPS_API_KEY=***
2025-09-29T11:55:51.9860735Z ##[debug]TWILIO_ACCOUNT_SID=***
2025-09-29T11:55:51.9861161Z ##[debug]TWILIO_AUTH_TOKEN=***
2025-09-29T11:55:51.9861549Z ##[debug]TWILIO_PHONE_NUMBER=***
2025-09-29T11:55:51.9861963Z ##[debug]FRONTEND_URL=***
2025-09-29T11:55:51.9862363Z ##[debug]API_BASE_URL=***
2025-09-29T11:55:51.9862728Z ##[debug]NODE_ENV=production
2025-09-29T11:55:51.9863092Z ##[debug]PORT=8080
2025-09-29T11:55:51.9863448Z ##[debug]DATABASE_SSL_MODE=require
2025-09-29T11:55:51.9863844Z ##[debug]USE_GOOGLE_PLACES=false
2025-09-29T11:55:51.9864248Z ##[debug]FACE_VERIFICATION_THRESHOLD=0.85
2025-09-29T11:55:51.9864670Z ##[debug]FACE_LIVENESS_THRESHOLD=0.7
2025-09-29T11:55:51.9865081Z ##[debug]MAX_FACE_VERIFICATION_ATTEMPTS=3
2025-09-29T11:55:51.9865500Z ##[debug]FACE_VERIFICATION_TIMEOUT=30000
2025-09-29T11:55:51.9865926Z ##[debug]DEFAULT_GEOFENCE_RADIUS=100
2025-09-29T11:55:51.9866333Z ##[debug]GEOFENCE_ACCURACY_THRESHOLD=10
2025-09-29T11:55:51.9866747Z ##[debug]MAX_GEOFENCE_ZONES=50
2025-09-29T11:55:51.9867126Z ##[debug]BCRYPT_ROUNDS=12
2025-09-29T11:55:51.9867494Z ##[debug]RATE_LIMIT_WINDOW_MS=900000
2025-09-29T11:55:51.9868013Z ##[debug]RATE_LIMIT_MAX_REQUESTS=100
2025-09-29T11:55:51.9868394Z ##[debug]HELMET_ENABLED=true
2025-09-29T11:55:51.9868922Z ##[debug]HTTPS_ONLY=true
2025-09-29T11:55:51.9869403Z ##[debug]SECURE_COOKIES=true
2025-09-29T11:55:51.9870170Z ##[debug]ENABLE_FACE_VERIFICATION=true
2025-09-29T11:55:51.9888409Z ##[debug]ENABLE_OTP_VERIFICATION=true
2025-09-29T11:55:51.9888910Z ##[debug]ENABLE_GEOFENCE_TRACKING=true
2025-09-29T11:55:51.9889358Z ##[debug]ENABLE_OFFLINE_MODE=true
2025-09-29T11:55:51.9889764Z ##[debug]ENABLE_BIOMETRIC_STORAGE=true
2025-09-29T11:55:51.9890191Z ##[debug]ENABLE_ADVANCED_ANALYTICS=true
2025-09-29T11:55:51.9890587Z ##[debug]EOF
2025-09-29T11:55:51.9890904Z ##[debug]'
2025-09-29T11:55:51.9891568Z ##[debug]Loading env
2025-09-29T11:55:51.9897510Z ##[group]Run mkdir -p backend/src/config
2025-09-29T11:55:51.9898159Z [36;1mmkdir -p backend/src/config[0m
2025-09-29T11:55:51.9898601Z [36;1mcat > backend/.env << EOF[0m
2025-09-29T11:55:51.9899524Z [36;1mDATABASE_URL=***[0m
2025-09-29T11:55:51.9900347Z [36;1mJWT_SECRET=***[0m
2025-09-29T11:55:51.9900937Z [36;1mJWT_REFRESH_SECRET=***[0m
2025-09-29T11:55:51.9901423Z [36;1mSESSION_SECRET=***[0m
2025-09-29T11:55:51.9901899Z [36;1mBIOMETRIC_ENCRYPTION_KEY=***[0m
2025-09-29T11:55:51.9902357Z [36;1mEMAIL_USER=***[0m
2025-09-29T11:55:51.9902747Z [36;1mEMAIL_PASS=***[0m
2025-09-29T11:55:51.9903224Z [36;1mGOOGLE_GEMINI_API_KEY=***[0m
2025-09-29T11:55:51.9904223Z [36;1mREDIS_URL=***[0m
2025-09-29T11:55:51.9904724Z [36;1mSPARROW_ENDPOINT=***[0m
2025-09-29T11:55:51.9905228Z [36;1mGOOGLE_MAPS_API_KEY=***[0m
2025-09-29T11:55:51.9905804Z [36;1mTWILIO_ACCOUNT_SID=***[0m
2025-09-29T11:55:51.9906256Z [36;1mTWILIO_AUTH_TOKEN=***[0m
2025-09-29T11:55:51.9906652Z [36;1mTWILIO_PHONE_NUMBER=***[0m
2025-09-29T11:55:51.9907086Z [36;1mFRONTEND_URL=***[0m
2025-09-29T11:55:51.9907497Z [36;1mAPI_BASE_URL=***[0m
2025-09-29T11:55:51.9908072Z [36;1mNODE_ENV=production[0m
2025-09-29T11:55:51.9908446Z [36;1mPORT=8080[0m
2025-09-29T11:55:51.9908798Z [36;1mDATABASE_SSL_MODE=require[0m
2025-09-29T11:55:51.9909208Z [36;1mUSE_GOOGLE_PLACES=false[0m
2025-09-29T11:55:51.9909629Z [36;1mFACE_VERIFICATION_THRESHOLD=0.85[0m
2025-09-29T11:55:51.9910059Z [36;1mFACE_LIVENESS_THRESHOLD=0.7[0m
2025-09-29T11:55:51.9910478Z [36;1mMAX_FACE_VERIFICATION_ATTEMPTS=3[0m
2025-09-29T11:55:51.9910904Z [36;1mFACE_VERIFICATION_TIMEOUT=30000[0m
2025-09-29T11:55:51.9911331Z [36;1mDEFAULT_GEOFENCE_RADIUS=100[0m
2025-09-29T11:55:51.9911748Z [36;1mGEOFENCE_ACCURACY_THRESHOLD=10[0m
2025-09-29T11:55:51.9912159Z [36;1mMAX_GEOFENCE_ZONES=50[0m
2025-09-29T11:55:51.9912544Z [36;1mBCRYPT_ROUNDS=12[0m
2025-09-29T11:55:51.9912919Z [36;1mRATE_LIMIT_WINDOW_MS=900000[0m
2025-09-29T11:55:51.9913320Z [36;1mRATE_LIMIT_MAX_REQUESTS=100[0m
2025-09-29T11:55:51.9913713Z [36;1mHELMET_ENABLED=true[0m
2025-09-29T11:55:51.9914078Z [36;1mHTTPS_ONLY=true[0m
2025-09-29T11:55:51.9914435Z [36;1mSECURE_COOKIES=true[0m
2025-09-29T11:55:51.9914818Z [36;1mENABLE_FACE_VERIFICATION=true[0m
2025-09-29T11:55:51.9915237Z [36;1mENABLE_OTP_VERIFICATION=true[0m
2025-09-29T11:55:51.9915653Z [36;1mENABLE_GEOFENCE_TRACKING=true[0m
2025-09-29T11:55:51.9916062Z [36;1mENABLE_OFFLINE_MODE=true[0m
2025-09-29T11:55:51.9916463Z [36;1mENABLE_BIOMETRIC_STORAGE=true[0m
2025-09-29T11:55:51.9916874Z [36;1mENABLE_ADVANCED_ANALYTICS=true[0m
2025-09-29T11:55:51.9917264Z [36;1mEOF[0m
2025-09-29T11:55:51.9949563Z shell: /usr/bin/bash -e {0}
2025-09-29T11:55:51.9949940Z ##[endgroup]
2025-09-29T11:55:51.9984068Z ##[debug]/usr/bin/bash -e /home/runner/work/_temp/e12973ac-4244-46f6-b866-0a0dfed5abbf.sh
2025-09-29T11:55:52.0033142Z ##[debug]Finishing: Set up environment variables
2025-09-29T11:55:52.0040783Z ##[debug]Evaluating condition for step: 'Log in to Docker Hub'
2025-09-29T11:55:52.0042478Z ##[debug]Evaluating: success()
2025-09-29T11:55:52.0043079Z ##[debug]Evaluating success:
2025-09-29T11:55:52.0043725Z ##[debug]=> true
2025-09-29T11:55:52.0044265Z ##[debug]Result: true
2025-09-29T11:55:52.0045046Z ##[debug]Starting: Log in to Docker Hub
2025-09-29T11:55:52.0062311Z ##[debug]Register post job cleanup for action: docker/login-action@v2
2025-09-29T11:55:52.0075892Z ##[debug]Loading inputs
2025-09-29T11:55:52.0077446Z ##[debug]Evaluating: secrets.DOCKER_USERNAME
2025-09-29T11:55:52.0078141Z ##[debug]Evaluating Index:
2025-09-29T11:55:52.0078531Z ##[debug]..Evaluating secrets:
2025-09-29T11:55:52.0078941Z ##[debug]..=> Object
2025-09-29T11:55:52.0079304Z ##[debug]..Evaluating String:
2025-09-29T11:55:52.0079777Z ##[debug]..=> 'DOCKER_USERNAME'
2025-09-29T11:55:52.0080331Z ##[debug]=> '***'
2025-09-29T11:55:52.0080709Z ##[debug]Result: '***'
2025-09-29T11:55:52.0081534Z ##[debug]Evaluating: secrets.DOCKER_PASSWORD
2025-09-29T11:55:52.0081973Z ##[debug]Evaluating Index:
2025-09-29T11:55:52.0082347Z ##[debug]..Evaluating secrets:
2025-09-29T11:55:52.0082954Z ##[debug]..=> Object
2025-09-29T11:55:52.0083353Z ##[debug]..Evaluating String:
2025-09-29T11:55:52.0083737Z ##[debug]..=> 'DOCKER_PASSWORD'
2025-09-29T11:55:52.0084191Z ##[debug]=> '***'
2025-09-29T11:55:52.0084553Z ##[debug]Result: '***'
2025-09-29T11:55:52.0087092Z ##[debug]Loading env
2025-09-29T11:55:52.0093490Z ##[group]Run docker/login-action@v2
2025-09-29T11:55:52.0093879Z with:
2025-09-29T11:55:52.0094252Z   username: ***
2025-09-29T11:55:52.0094601Z   password: ***
2025-09-29T11:55:52.0094922Z   ecr: auto
2025-09-29T11:55:52.0095675Z   logout: true
2025-09-29T11:55:52.0096470Z ##[endgroup]
2025-09-29T11:55:52.1169167Z Logging into Docker Hub...
2025-09-29T11:55:52.1173693Z ##[debug]Exec.getExecOutput: docker login --password-stdin --username *** 
2025-09-29T11:55:52.2907039Z Login Succeeded!
2025-09-29T11:55:52.2948891Z ##[debug]Node Action run completed with exit code 0
2025-09-29T11:55:52.2951164Z ##[debug]Save intra-action state isPost = true
2025-09-29T11:55:52.2951659Z ##[debug]Save intra-action state registry = 
2025-09-29T11:55:52.2952117Z ##[debug]Save intra-action state logout = true
2025-09-29T11:55:52.2952980Z ##[debug]Finishing: Log in to Docker Hub
2025-09-29T11:55:52.2961567Z ##[debug]Evaluating condition for step: 'Verify Backend Directory'
2025-09-29T11:55:52.2963306Z ##[debug]Evaluating: success()
2025-09-29T11:55:52.2963864Z ##[debug]Evaluating success:
2025-09-29T11:55:52.2964473Z ##[debug]=> true
2025-09-29T11:55:52.2965009Z ##[debug]Result: true
2025-09-29T11:55:52.2965790Z ##[debug]Starting: Verify Backend Directory
2025-09-29T11:55:52.2974854Z ##[debug]Loading inputs
2025-09-29T11:55:52.2976047Z ##[debug]Loading env
2025-09-29T11:55:52.2981751Z ##[group]Run echo "Verifying backend directory structure..."
2025-09-29T11:55:52.2982321Z [36;1mecho "Verifying backend directory structure..."[0m
2025-09-29T11:55:52.2982824Z [36;1mecho "Root directory contents: $(ls -la)"[0m
2025-09-29T11:55:52.2983323Z [36;1mecho "Backend directory contents: $(ls -la backend/)"[0m
2025-09-29T11:55:52.2983986Z [36;1mecho "Backend package.json exists: $(test -f backend/package.json && echo 'YES' || echo 'NO')"[0m
2025-09-29T11:55:52.2984785Z [36;1mecho "Backend Dockerfile exists: $(test -f backend/Dockerfile && echo 'YES' || echo 'NO')"[0m
2025-09-29T11:55:52.3017319Z shell: /usr/bin/bash -e {0}
2025-09-29T11:55:52.3017932Z ##[endgroup]
2025-09-29T11:55:52.3053983Z ##[debug]/usr/bin/bash -e /home/runner/work/_temp/5bd76bd6-63c1-49de-b010-5b86e971d984.sh
2025-09-29T11:55:52.3076203Z Verifying backend directory structure...
2025-09-29T11:55:52.3096416Z Root directory contents: total 160
2025-09-29T11:55:52.3097306Z drwxr-xr-x 13 runner runner  4096 Sep 29 11:55 .
2025-09-29T11:55:52.3098345Z drwxr-xr-x  3 runner runner  4096 Sep 29 11:55 ..
2025-09-29T11:55:52.3099175Z drwxr-xr-x  3 runner runner  4096 Sep 29 11:55 .docs
2025-09-29T11:55:52.3100007Z -rw-r--r--  1 runner runner   537 Sep 29 11:55 .easignore
2025-09-29T11:55:52.3100846Z -rw-r--r--  1 runner runner  3068 Sep 29 11:55 .env.example
2025-09-29T11:55:52.3101666Z drwxr-xr-x  8 runner runner  4096 Sep 29 11:55 .git
2025-09-29T11:55:52.3102509Z -rw-r--r--  1 runner runner    43 Sep 29 11:55 .gitattributes
2025-09-29T11:55:52.3103493Z drwxr-xr-x  3 runner runner  4096 Sep 29 11:55 .github
2025-09-29T11:55:52.3104330Z -rw-r--r--  1 runner runner   704 Sep 29 11:55 .gitignore
2025-09-29T11:55:52.3105186Z drwxr-xr-x  3 runner runner  4096 Sep 29 11:55 .kilocode
2025-09-29T11:55:52.3106035Z drwxr-xr-x  4 runner runner  4096 Sep 29 11:55 .kiro
2025-09-29T11:55:52.3106862Z -rw-r--r--  1 runner runner   125 Sep 29 11:55 .prettierrc
2025-09-29T11:55:52.3107974Z drwxr-xr-x  2 runner runner  4096 Sep 29 11:55 .vscode
2025-09-29T11:55:52.3108836Z -rw-r--r--  1 runner runner  1403 Sep 29 11:55 Dockerfile
2025-09-29T11:55:52.3109673Z -rw-r--r--  1 runner runner  1075 Sep 29 11:55 LICENSE
2025-09-29T11:55:52.3110485Z -rw-r--r--  1 runner runner 31406 Sep 29 11:55 README.md
2025-09-29T11:55:52.3111323Z drwxr-xr-x 13 runner runner  4096 Sep 29 11:55 app
2025-09-29T11:55:52.3112166Z -rw-r--r--  1 runner runner  4604 Sep 29 11:55 app.config.ts
2025-09-29T11:55:52.3113028Z drwxr-xr-x  4 runner runner  4096 Sep 29 11:55 assets
2025-09-29T11:55:52.3113875Z -rw-r--r--  1 runner runner   350 Sep 29 11:55 babel.config.js
2025-09-29T11:55:52.3114754Z drwxr-xr-x  4 runner runner  4096 Sep 29 11:55 backend
2025-09-29T11:55:52.3115579Z drwxr-xr-x  2 runner runner  4096 Sep 29 11:55 database
2025-09-29T11:55:52.3116435Z drwxr-xr-x  2 runner runner  4096 Sep 29 11:55 documentation
2025-09-29T11:55:52.3117005Z -rw-r--r--  1 runner runner   921 Sep 29 11:55 eas.json
2025-09-29T11:55:52.3118463Z -rw-r--r--  1 runner runner  4850 Sep 29 11:55 global.css
2025-09-29T11:55:52.3119296Z -rw-r--r--  1 runner runner   524 Sep 29 11:55 metro.config.js
2025-09-29T11:55:52.3120178Z -rw-r--r--  1 runner runner    43 Sep 29 11:55 nativewind-env.d.ts
2025-09-29T11:55:52.3121038Z -rw-r--r--  1 runner runner  5553 Sep 29 11:55 package.json
2025-09-29T11:55:52.3121883Z -rw-r--r--  1 runner runner  2457 Sep 29 11:55 tailwind.config.js
2025-09-29T11:55:52.3122731Z -rw-r--r--  1 runner runner   570 Sep 29 11:55 tsconfig.json
2025-09-29T11:55:52.3123605Z Backend directory contents: total 444
2025-09-29T11:55:52.3124047Z drwxr-xr-x  4 runner runner   4096 Sep 29 11:55 .
2025-09-29T11:55:52.3124765Z drwxr-xr-x 13 runner runner   4096 Sep 29 11:55 ..
2025-09-29T11:55:52.3125522Z -rw-r--r--  1 runner runner   1625 Sep 29 11:55 .env
2025-09-29T11:55:52.3126324Z -rw-r--r--  1 runner runner    337 Sep 29 11:55 .env.example
2025-09-29T11:55:52.3127152Z -rw-r--r--  1 runner runner   1494 Sep 29 11:55 Dockerfile
2025-09-29T11:55:52.3128274Z -rw-r--r--  1 runner runner    720 Sep 29 11:55 fix-mfa-otp.sql
2025-09-29T11:55:52.3129061Z drwxr-xr-x  2 runner runner   4096 Sep 29 11:55 logs
2025-09-29T11:55:52.3129903Z -rw-r--r--  1 runner runner 396563 Sep 29 11:55 package-lock.json
2025-09-29T11:55:52.3130711Z -rw-r--r--  1 runner runner   2310 Sep 29 11:55 package.json
2025-09-29T11:55:52.3131561Z -rw-r--r--  1 runner runner   1084 Sep 29 11:55 run-mfa-fix.sql
2025-09-29T11:55:52.3132458Z -rw-r--r--  1 runner runner   6396 Sep 29 11:55 server.ts
2025-09-29T11:55:52.3133304Z drwxr-xr-x 14 runner runner   4096 Sep 29 11:55 src
2025-09-29T11:55:52.3134316Z -rw-r--r--  1 runner runner   2344 Sep 29 11:55 test-expo-push.js
2025-09-29T11:55:52.3135157Z -rw-r--r--  1 runner runner    369 Sep 29 11:55 tsconfig.json
2025-09-29T11:55:52.3135935Z Backend package.json exists: YES
2025-09-29T11:55:52.3136768Z Backend Dockerfile exists: YES
2025-09-29T11:55:52.3157320Z ##[debug]Finishing: Verify Backend Directory
2025-09-29T11:55:52.3164915Z ##[debug]Evaluating condition for step: 'Build and Push Docker Image'
2025-09-29T11:55:52.3166590Z ##[debug]Evaluating: success()
2025-09-29T11:55:52.3167139Z ##[debug]Evaluating success:
2025-09-29T11:55:52.3168036Z ##[debug]=> true
2025-09-29T11:55:52.3168723Z ##[debug]Result: true
2025-09-29T11:55:52.3169498Z ##[debug]Starting: Build and Push Docker Image
2025-09-29T11:55:52.3178229Z ##[debug]Loading inputs
2025-09-29T11:55:52.3180277Z ##[debug]Evaluating: format('echo "Building Docker image for version v{0}"
2025-09-29T11:55:52.3180833Z ##[debug]echo "Current directory: $(pwd)"
2025-09-29T11:55:52.3181259Z ##[debug]echo "Contents: $(ls -la)"
2025-09-29T11:55:52.3181958Z ##[debug]docker build -t ***/avy-trackerapp:v{1} .
2025-09-29T11:55:52.3182465Z ##[debug]echo "Pushing Docker image to registry..."
2025-09-29T11:55:52.3182975Z ##[debug]docker push ***/avy-trackerapp:v{2}
2025-09-29T11:55:52.3183427Z ##[debug]echo "Docker image pushed successfully!"
2025-09-29T11:55:52.3183984Z ##[debug]', github.run_number, github.run_number, github.run_number)
2025-09-29T11:55:52.3184479Z ##[debug]Evaluating format:
2025-09-29T11:55:52.3184862Z ##[debug]..Evaluating String:
2025-09-29T11:55:52.3185316Z ##[debug]..=> 'echo "Building Docker image for version v{0}"
2025-09-29T11:55:52.3185782Z ##[debug]echo "Current directory: $(pwd)"
2025-09-29T11:55:52.3186196Z ##[debug]echo "Contents: $(ls -la)"
2025-09-29T11:55:52.3186680Z ##[debug]docker build -t ***/avy-trackerapp:v{1} .
2025-09-29T11:55:52.3187153Z ##[debug]echo "Pushing Docker image to registry..."
2025-09-29T11:55:52.3187647Z ##[debug]docker push ***/avy-trackerapp:v{2}
2025-09-29T11:55:52.3188413Z ##[debug]echo "Docker image pushed successfully!"
2025-09-29T11:55:52.3188815Z ##[debug]'
2025-09-29T11:55:52.3189293Z ##[debug]..Evaluating Index:
2025-09-29T11:55:52.3189672Z ##[debug]....Evaluating github:
2025-09-29T11:55:52.3190048Z ##[debug]....=> Object
2025-09-29T11:55:52.3190415Z ##[debug]....Evaluating String:
2025-09-29T11:55:52.3191017Z ##[debug]....=> 'run_number'
2025-09-29T11:55:52.3191410Z ##[debug]..=> '8'
2025-09-29T11:55:52.3191773Z ##[debug]..Evaluating Index:
2025-09-29T11:55:52.3192139Z ##[debug]....Evaluating github:
2025-09-29T11:55:52.3192510Z ##[debug]....=> Object
2025-09-29T11:55:52.3192865Z ##[debug]....Evaluating String:
2025-09-29T11:55:52.3193233Z ##[debug]....=> 'run_number'
2025-09-29T11:55:52.3193590Z ##[debug]..=> '8'
2025-09-29T11:55:52.3193940Z ##[debug]..Evaluating Index:
2025-09-29T11:55:52.3194302Z ##[debug]....Evaluating github:
2025-09-29T11:55:52.3194659Z ##[debug]....=> Object
2025-09-29T11:55:52.3195001Z ##[debug]....Evaluating String:
2025-09-29T11:55:52.3195355Z ##[debug]....=> 'run_number'
2025-09-29T11:55:52.3195699Z ##[debug]..=> '8'
2025-09-29T11:55:52.3196100Z ##[debug]=> 'echo "Building Docker image for version v8"
2025-09-29T11:55:52.3196557Z ##[debug]echo "Current directory: $(pwd)"
2025-09-29T11:55:52.3196975Z ##[debug]echo "Contents: $(ls -la)"
2025-09-29T11:55:52.3197899Z ##[debug]docker build -t ***/avy-trackerapp:v8 .
2025-09-29T11:55:52.3198400Z ##[debug]echo "Pushing Docker image to registry..."
2025-09-29T11:55:52.3198901Z ##[debug]docker push ***/avy-trackerapp:v8
2025-09-29T11:55:52.3199344Z ##[debug]echo "Docker image pushed successfully!"
2025-09-29T11:55:52.3199773Z ##[debug]'
2025-09-29T11:55:52.3200198Z ##[debug]Result: 'echo "Building Docker image for version v8"
2025-09-29T11:55:52.3200676Z ##[debug]echo "Current directory: $(pwd)"
2025-09-29T11:55:52.3201101Z ##[debug]echo "Contents: $(ls -la)"
2025-09-29T11:55:52.3201574Z ##[debug]docker build -t ***/avy-trackerapp:v8 .
2025-09-29T11:55:52.3202034Z ##[debug]echo "Pushing Docker image to registry..."
2025-09-29T11:55:52.3202517Z ##[debug]docker push ***/avy-trackerapp:v8
2025-09-29T11:55:52.3202950Z ##[debug]echo "Docker image pushed successfully!"
2025-09-29T11:55:52.3203353Z ##[debug]'
2025-09-29T11:55:52.3203937Z ##[debug]Loading env
2025-09-29T11:55:52.3209244Z ##[group]Run echo "Building Docker image for version v8"
2025-09-29T11:55:52.3209947Z [36;1mecho "Building Docker image for version v8"[0m
2025-09-29T11:55:52.3210425Z [36;1mecho "Current directory: $(pwd)"[0m
2025-09-29T11:55:52.3210841Z [36;1mecho "Contents: $(ls -la)"[0m
2025-09-29T11:55:52.3211349Z [36;1mdocker build -t ***/avy-trackerapp:v8 .[0m
2025-09-29T11:55:52.3211826Z [36;1mecho "Pushing Docker image to registry..."[0m
2025-09-29T11:55:52.3212333Z [36;1mdocker push ***/avy-trackerapp:v8[0m
2025-09-29T11:55:52.3212778Z [36;1mecho "Docker image pushed successfully!"[0m
2025-09-29T11:55:52.3244856Z shell: /usr/bin/bash -e {0}
2025-09-29T11:55:52.3245238Z ##[endgroup]
2025-09-29T11:55:52.3276614Z ##[debug]/usr/bin/bash -e /home/runner/work/_temp/1b42a680-d4d3-4e75-bd38-7dbf17cbdfc3.sh
2025-09-29T11:55:52.3297131Z Building Docker image for version v8
2025-09-29T11:55:52.3301755Z Current directory: /home/runner/work/Avy-Tracker/Avy-Tracker/backend
2025-09-29T11:55:52.3318487Z Contents: total 444
2025-09-29T11:55:52.3319136Z drwxr-xr-x  4 runner runner   4096 Sep 29 11:55 .
2025-09-29T11:55:52.3319907Z drwxr-xr-x 13 runner runner   4096 Sep 29 11:55 ..
2025-09-29T11:55:52.3320612Z -rw-r--r--  1 runner runner   1625 Sep 29 11:55 .env
2025-09-29T11:55:52.3321112Z -rw-r--r--  1 runner runner    337 Sep 29 11:55 .env.example
2025-09-29T11:55:52.3321621Z -rw-r--r--  1 runner runner   1494 Sep 29 11:55 Dockerfile
2025-09-29T11:55:52.3322139Z -rw-r--r--  1 runner runner    720 Sep 29 11:55 fix-mfa-otp.sql
2025-09-29T11:55:52.3322705Z drwxr-xr-x  2 runner runner   4096 Sep 29 11:55 logs
2025-09-29T11:55:52.3323204Z -rw-r--r--  1 runner runner 396563 Sep 29 11:55 package-lock.json
2025-09-29T11:55:52.3323730Z -rw-r--r--  1 runner runner   2310 Sep 29 11:55 package.json
2025-09-29T11:55:52.3324228Z -rw-r--r--  1 runner runner   1084 Sep 29 11:55 run-mfa-fix.sql
2025-09-29T11:55:52.3324722Z -rw-r--r--  1 runner runner   6396 Sep 29 11:55 server.ts
2025-09-29T11:55:52.3325191Z drwxr-xr-x 14 runner runner   4096 Sep 29 11:55 src
2025-09-29T11:55:52.3325958Z -rw-r--r--  1 runner runner   2344 Sep 29 11:55 test-expo-push.js
2025-09-29T11:55:52.3326491Z -rw-r--r--  1 runner runner    369 Sep 29 11:55 tsconfig.json
2025-09-29T11:55:52.7540167Z #0 building with "default" instance using docker driver
2025-09-29T11:55:52.7540799Z 
2025-09-29T11:55:52.7541145Z #1 [internal] load build definition from Dockerfile
2025-09-29T11:55:52.7542112Z #1 transferring dockerfile: 1.53kB done
2025-09-29T11:55:52.7542807Z #1 DONE 0.0s
2025-09-29T11:55:52.7543115Z 
2025-09-29T11:55:52.7543495Z #2 [auth] library/node:pull token for registry-1.docker.io
2025-09-29T11:55:52.7544281Z #2 DONE 0.0s
2025-09-29T11:55:52.7544589Z 
2025-09-29T11:55:52.7545042Z #3 [internal] load metadata for docker.io/library/node:20.5.0-alpine3.18
2025-09-29T11:55:52.9323984Z #3 DONE 0.4s
2025-09-29T11:55:53.0480971Z 
2025-09-29T11:55:53.0481738Z #4 [internal] load .dockerignore
2025-09-29T11:55:53.0482608Z #4 transferring context: 2B done
2025-09-29T11:55:53.0483309Z #4 DONE 0.0s
2025-09-29T11:55:53.0483654Z 
2025-09-29T11:55:53.0483923Z #5 [internal] load build context
2025-09-29T11:55:53.0484591Z #5 transferring context: 1.80MB 0.0s done
2025-09-29T11:55:53.0485010Z #5 DONE 0.0s
2025-09-29T11:55:53.0485185Z 
2025-09-29T11:55:53.0485675Z #6 [ 1/12] FROM docker.io/library/node:20.5.0-alpine3.18@sha256:efcfc9e818c3abe166cfcced1c9602cac29e08c83b273a4f280a87d4218daf8c
2025-09-29T11:55:53.0487148Z #6 resolve docker.io/library/node:20.5.0-alpine3.18@sha256:efcfc9e818c3abe166cfcced1c9602cac29e08c83b273a4f280a87d4218daf8c done
2025-09-29T11:55:53.0488563Z #6 sha256:53d2322c062782ca53741589b9b108d188917235a3986aa43060167727aa312f 6.73kB / 6.73kB done
2025-09-29T11:55:53.0489458Z #6 sha256:7264a8db6415046d36d16ba98b79778e18accee6ffa71850405994cffa9be7de 0B / 3.40MB 0.1s
2025-09-29T11:55:53.0490350Z #6 sha256:e3bed09886f490914f2b1d6b2b0c3c7e5999710fa581679d4ee6aa5466cdcce0 2.10MB / 49.44MB 0.1s
2025-09-29T11:55:53.0491289Z #6 sha256:770e129e3ee433a58a422ce30acd6281193f33d6fd0adf3bbaff6a22640c40cb 0B / 2.34MB 0.1s
2025-09-29T11:55:53.0493173Z #6 sha256:efcfc9e818c3abe166cfcced1c9602cac29e08c83b273a4f280a87d4218daf8c 1.22kB / 1.22kB done
2025-09-29T11:55:53.0494445Z #6 sha256:a5efe2f6dbaeb81297af5aa576c4c86311da0cecaa4d88325d9a18b05a007c3a 1.16kB / 1.16kB done
2025-09-29T11:55:53.1602474Z #6 sha256:7264a8db6415046d36d16ba98b79778e18accee6ffa71850405994cffa9be7de 3.40MB / 3.40MB 0.1s done
2025-09-29T11:55:53.1603946Z #6 sha256:e3bed09886f490914f2b1d6b2b0c3c7e5999710fa581679d4ee6aa5466cdcce0 10.49MB / 49.44MB 0.2s
2025-09-29T11:55:53.1605376Z #6 sha256:770e129e3ee433a58a422ce30acd6281193f33d6fd0adf3bbaff6a22640c40cb 2.34MB / 2.34MB 0.1s done
2025-09-29T11:55:53.1606807Z #6 extracting sha256:7264a8db6415046d36d16ba98b79778e18accee6ffa71850405994cffa9be7de 0.1s done
2025-09-29T11:55:53.1608386Z #6 sha256:3bcd4968554f823de797b621b6a35bf166273bfb8cf23499899cc5fd0e9045f6 0B / 447B 0.2s
2025-09-29T11:55:53.3479911Z #6 sha256:e3bed09886f490914f2b1d6b2b0c3c7e5999710fa581679d4ee6aa5466cdcce0 25.17MB / 49.44MB 0.4s
2025-09-29T11:55:53.3481106Z #6 sha256:3bcd4968554f823de797b621b6a35bf166273bfb8cf23499899cc5fd0e9045f6 447B / 447B 0.2s done
2025-09-29T11:55:53.4486561Z #6 sha256:e3bed09886f490914f2b1d6b2b0c3c7e5999710fa581679d4ee6aa5466cdcce0 33.55MB / 49.44MB 0.5s
2025-09-29T11:55:53.6481238Z #6 sha256:e3bed09886f490914f2b1d6b2b0c3c7e5999710fa581679d4ee6aa5466cdcce0 48.23MB / 49.44MB 0.7s
2025-09-29T11:55:53.7967072Z #6 sha256:e3bed09886f490914f2b1d6b2b0c3c7e5999710fa581679d4ee6aa5466cdcce0 49.44MB / 49.44MB 0.7s done
2025-09-29T11:55:53.7968686Z #6 extracting sha256:e3bed09886f490914f2b1d6b2b0c3c7e5999710fa581679d4ee6aa5466cdcce0 0.1s
2025-09-29T11:55:55.5971755Z #6 extracting sha256:e3bed09886f490914f2b1d6b2b0c3c7e5999710fa581679d4ee6aa5466cdcce0 1.8s done
2025-09-29T11:55:56.4772190Z #6 extracting sha256:770e129e3ee433a58a422ce30acd6281193f33d6fd0adf3bbaff6a22640c40cb
2025-09-29T11:55:56.7030809Z #6 extracting sha256:770e129e3ee433a58a422ce30acd6281193f33d6fd0adf3bbaff6a22640c40cb 0.0s done
2025-09-29T11:55:56.7032255Z #6 extracting sha256:3bcd4968554f823de797b621b6a35bf166273bfb8cf23499899cc5fd0e9045f6 done
2025-09-29T11:55:56.7033491Z #6 DONE 3.6s
2025-09-29T11:55:56.7033691Z 
2025-09-29T11:55:56.7033840Z #7 [ 2/12] WORKDIR /app
2025-09-29T11:55:56.7034172Z #7 DONE 0.0s
2025-09-29T11:55:56.7034354Z 
2025-09-29T11:55:56.7034538Z #8 [ 3/12] RUN apk add --no-cache dumb-init
2025-09-29T11:55:56.7035183Z #8 0.141 fetch https://dl-cdn.alpinelinux.org/alpine/v3.18/main/x86_64/APKINDEX.tar.gz
2025-09-29T11:55:56.8070124Z #8 0.245 fetch https://dl-cdn.alpinelinux.org/alpine/v3.18/community/x86_64/APKINDEX.tar.gz
2025-09-29T11:55:57.0486511Z #8 0.487 (1/1) Installing dumb-init (1.2.5-r2)
2025-09-29T11:55:57.2521840Z #8 0.496 Executing busybox-1.36.1-r2.trigger
2025-09-29T11:55:57.2522616Z #8 0.502 OK: 10 MiB in 18 packages
2025-09-29T11:55:57.2523232Z #8 DONE 0.6s
2025-09-29T11:55:57.2523523Z 
2025-09-29T11:55:57.2523958Z #9 [ 4/12] RUN addgroup -g 1001 -S nodejs &&     adduser -S nodejs -u 1001
2025-09-29T11:55:57.2524607Z #9 DONE 0.1s
2025-09-29T11:55:57.4326007Z 
2025-09-29T11:55:57.4326637Z #10 [ 5/12] COPY package*.json ./
2025-09-29T11:55:57.4327385Z #10 DONE 0.0s
2025-09-29T11:55:57.4327912Z 
2025-09-29T11:55:57.4329578Z #11 [ 6/12] RUN npm config set fetch-retry-mintimeout 20000 &&     npm config set fetch-retry-maxtimeout 120000 &&     npm config set fetch-retries 5 &&     npm config set fetch-retry-factor 2 &&     npm config set registry https://registry.npmjs.org/ &&     npm ci &&     npm cache clean --force
2025-09-29T11:56:00.6985300Z #11 3.249 npm WARN EBADENGINE Unsupported engine {
2025-09-29T11:56:00.6987015Z #11 3.249 npm WARN EBADENGINE   package: '@react-native/assets-registry@0.81.4',
2025-09-29T11:56:00.6988197Z #11 3.249 npm WARN EBADENGINE   required: { node: '>= 20.19.4' },
2025-09-29T11:56:00.6989167Z #11 3.249 npm WARN EBADENGINE   current: { node: 'v20.5.0', npm: '9.8.0' }
2025-09-29T11:56:00.6989987Z #11 3.249 npm WARN EBADENGINE }
2025-09-29T11:56:00.6990533Z #11 3.250 npm WARN EBADENGINE Unsupported engine {
2025-09-29T11:56:00.6991449Z #11 3.250 npm WARN EBADENGINE   package: '@react-native/codegen@0.81.4',
2025-09-29T11:56:00.6992019Z #11 3.250 npm WARN EBADENGINE   required: { node: '>= 20.19.4' },
2025-09-29T11:56:00.6992558Z #11 3.250 npm WARN EBADENGINE   current: { node: 'v20.5.0', npm: '9.8.0' }
2025-09-29T11:56:00.6993038Z #11 3.250 npm WARN EBADENGINE }
2025-09-29T11:56:00.6993437Z #11 3.251 npm WARN EBADENGINE Unsupported engine {
2025-09-29T11:56:00.6994004Z #11 3.251 npm WARN EBADENGINE   package: '@react-native/community-cli-plugin@0.81.4',
2025-09-29T11:56:00.6994600Z #11 3.251 npm WARN EBADENGINE   required: { node: '>= 20.19.4' },
2025-09-29T11:56:00.6995459Z #11 3.251 npm WARN EBADENGINE   current: { node: 'v20.5.0', npm: '9.8.0' }
2025-09-29T11:56:00.6996271Z #11 3.251 npm WARN EBADENGINE }
2025-09-29T11:56:00.6996932Z #11 3.252 npm WARN EBADENGINE Unsupported engine {
2025-09-29T11:56:00.6998177Z #11 3.252 npm WARN EBADENGINE   package: '@react-native/debugger-frontend@0.81.4',
2025-09-29T11:56:00.6999249Z #11 3.252 npm WARN EBADENGINE   required: { node: '>= 20.19.4' },
2025-09-29T11:56:00.7000226Z #11 3.252 npm WARN EBADENGINE   current: { node: 'v20.5.0', npm: '9.8.0' }
2025-09-29T11:56:00.7001033Z #11 3.252 npm WARN EBADENGINE }
2025-09-29T11:56:00.7001781Z #11 3.252 npm WARN EBADENGINE Unsupported engine {
2025-09-29T11:56:00.7002640Z #11 3.254 npm WARN EBADENGINE   package: '@react-native/dev-middleware@0.81.4',
2025-09-29T11:56:00.7003234Z #11 3.254 npm WARN EBADENGINE   required: { node: '>= 20.19.4' },
2025-09-29T11:56:00.7003778Z #11 3.254 npm WARN EBADENGINE   current: { node: 'v20.5.0', npm: '9.8.0' }
2025-09-29T11:56:00.7004254Z #11 3.254 npm WARN EBADENGINE }
2025-09-29T11:56:00.7004664Z #11 3.254 npm WARN EBADENGINE Unsupported engine {
2025-09-29T11:56:00.7005194Z #11 3.254 npm WARN EBADENGINE   package: '@react-native/gradle-plugin@0.81.4',
2025-09-29T11:56:00.7005760Z #11 3.254 npm WARN EBADENGINE   required: { node: '>= 20.19.4' },
2025-09-29T11:56:00.7006301Z #11 3.254 npm WARN EBADENGINE   current: { node: 'v20.5.0', npm: '9.8.0' }
2025-09-29T11:56:00.7007017Z #11 3.254 npm WARN EBADENGINE }
2025-09-29T11:56:00.7007411Z #11 3.254 npm WARN EBADENGINE Unsupported engine {
2025-09-29T11:56:00.7008233Z #11 3.254 npm WARN EBADENGINE   package: '@react-native/js-polyfills@0.81.4',
2025-09-29T11:56:00.7008787Z #11 3.254 npm WARN EBADENGINE   required: { node: '>= 20.19.4' },
2025-09-29T11:56:00.7009308Z #11 3.254 npm WARN EBADENGINE   current: { node: 'v20.5.0', npm: '9.8.0' }
2025-09-29T11:56:00.7009812Z #11 3.254 npm WARN EBADENGINE }
2025-09-29T11:56:00.7010196Z #11 3.254 npm WARN EBADENGINE Unsupported engine {
2025-09-29T11:56:00.7010716Z #11 3.254 npm WARN EBADENGINE   package: '@react-native/virtualized-lists@0.81.4',
2025-09-29T11:56:00.7011281Z #11 3.254 npm WARN EBADENGINE   required: { node: '>= 20.19.4' },
2025-09-29T11:56:00.7011801Z #11 3.254 npm WARN EBADENGINE   current: { node: 'v20.5.0', npm: '9.8.0' }
2025-09-29T11:56:00.7012265Z #11 3.254 npm WARN EBADENGINE }
2025-09-29T11:56:00.7012655Z #11 3.257 npm WARN EBADENGINE Unsupported engine {
2025-09-29T11:56:00.7013115Z #11 3.257 npm WARN EBADENGINE   package: 'metro@0.83.1',
2025-09-29T11:56:00.7013604Z #11 3.257 npm WARN EBADENGINE   required: { node: '>=20.19.4' },
2025-09-29T11:56:00.7014129Z #11 3.258 npm WARN EBADENGINE   current: { node: 'v20.5.0', npm: '9.8.0' }
2025-09-29T11:56:00.7014594Z #11 3.258 npm WARN EBADENGINE }
2025-09-29T11:56:00.7014984Z #11 3.258 npm WARN EBADENGINE Unsupported engine {
2025-09-29T11:56:00.7015483Z #11 3.258 npm WARN EBADENGINE   package: 'metro-babel-transformer@0.83.1',
2025-09-29T11:56:00.7016012Z #11 3.258 npm WARN EBADENGINE   required: { node: '>=20.19.4' },
2025-09-29T11:56:00.7016529Z #11 3.258 npm WARN EBADENGINE   current: { node: 'v20.5.0', npm: '9.8.0' }
2025-09-29T11:56:00.7016988Z #11 3.258 npm WARN EBADENGINE }
2025-09-29T11:56:00.7017366Z #11 3.259 npm WARN EBADENGINE Unsupported engine {
2025-09-29T11:56:00.7017979Z #11 3.259 npm WARN EBADENGINE   package: 'metro-cache@0.83.1',
2025-09-29T11:56:00.7018622Z #11 3.259 npm WARN EBADENGINE   required: { node: '>=20.19.4' },
2025-09-29T11:56:00.7019148Z #11 3.259 npm WARN EBADENGINE   current: { node: 'v20.5.0', npm: '9.8.0' }
2025-09-29T11:56:00.7019604Z #11 3.259 npm WARN EBADENGINE }
2025-09-29T11:56:00.7019982Z #11 3.260 npm WARN EBADENGINE Unsupported engine {
2025-09-29T11:56:00.7020464Z #11 3.260 npm WARN EBADENGINE   package: 'metro-cache-key@0.83.1',
2025-09-29T11:56:00.7020975Z #11 3.260 npm WARN EBADENGINE   required: { node: '>=20.19.4' },
2025-09-29T11:56:00.7021490Z #11 3.260 npm WARN EBADENGINE   current: { node: 'v20.5.0', npm: '9.8.0' }
2025-09-29T11:56:00.7021946Z #11 3.260 npm WARN EBADENGINE }
2025-09-29T11:56:00.7022326Z #11 3.260 npm WARN EBADENGINE Unsupported engine {
2025-09-29T11:56:00.7022792Z #11 3.260 npm WARN EBADENGINE   package: 'metro-config@0.83.1',
2025-09-29T11:56:00.7023290Z #11 3.260 npm WARN EBADENGINE   required: { node: '>=20.19.4' },
2025-09-29T11:56:00.7023811Z #11 3.260 npm WARN EBADENGINE   current: { node: 'v20.5.0', npm: '9.8.0' }
2025-09-29T11:56:00.7024277Z #11 3.260 npm WARN EBADENGINE }
2025-09-29T11:56:00.7024663Z #11 3.260 npm WARN EBADENGINE Unsupported engine {
2025-09-29T11:56:00.7025127Z #11 3.260 npm WARN EBADENGINE   package: 'metro-core@0.83.1',
2025-09-29T11:56:00.7025622Z #11 3.261 npm WARN EBADENGINE   required: { node: '>=20.19.4' },
2025-09-29T11:56:00.7026140Z #11 3.261 npm WARN EBADENGINE   current: { node: 'v20.5.0', npm: '9.8.0' }
2025-09-29T11:56:00.7026601Z #11 3.261 npm WARN EBADENGINE }
2025-09-29T11:56:00.7026974Z #11 3.261 npm WARN EBADENGINE Unsupported engine {
2025-09-29T11:56:00.7027447Z #11 3.261 npm WARN EBADENGINE   package: 'metro-file-map@0.83.1',
2025-09-29T11:56:00.7028131Z #11 3.261 npm WARN EBADENGINE   required: { node: '>=20.19.4' },
2025-09-29T11:56:00.7028655Z #11 3.261 npm WARN EBADENGINE   current: { node: 'v20.5.0', npm: '9.8.0' }
2025-09-29T11:56:00.7029113Z #11 3.261 npm WARN EBADENGINE }
2025-09-29T11:56:00.7029491Z #11 3.261 npm WARN EBADENGINE Unsupported engine {
2025-09-29T11:56:00.7030131Z #11 3.262 npm WARN EBADENGINE   package: 'metro-minify-terser@0.83.1',
2025-09-29T11:56:00.7030764Z #11 3.262 npm WARN EBADENGINE   required: { node: '>=20.19.4' },
2025-09-29T11:56:00.7031278Z #11 3.262 npm WARN EBADENGINE   current: { node: 'v20.5.0', npm: '9.8.0' }
2025-09-29T11:56:00.7031732Z #11 3.262 npm WARN EBADENGINE }
2025-09-29T11:56:00.7032111Z #11 3.262 npm WARN EBADENGINE Unsupported engine {
2025-09-29T11:56:00.7032592Z #11 3.262 npm WARN EBADENGINE   package: 'metro-resolver@0.83.1',
2025-09-29T11:56:00.7033091Z #11 3.262 npm WARN EBADENGINE   required: { node: '>=20.19.4' },
2025-09-29T11:56:00.7033603Z #11 3.262 npm WARN EBADENGINE   current: { node: 'v20.5.0', npm: '9.8.0' }
2025-09-29T11:56:00.7034061Z #11 3.262 npm WARN EBADENGINE }
2025-09-29T11:56:00.7034443Z #11 3.262 npm WARN EBADENGINE Unsupported engine {
2025-09-29T11:56:00.7034915Z #11 3.262 npm WARN EBADENGINE   package: 'metro-runtime@0.83.1',
2025-09-29T11:56:00.7035416Z #11 3.262 npm WARN EBADENGINE   required: { node: '>=20.19.4' },
2025-09-29T11:56:00.7035934Z #11 3.263 npm WARN EBADENGINE   current: { node: 'v20.5.0', npm: '9.8.0' }
2025-09-29T11:56:00.7036392Z #11 3.263 npm WARN EBADENGINE }
2025-09-29T11:56:00.7036768Z #11 3.263 npm WARN EBADENGINE Unsupported engine {
2025-09-29T11:56:00.7037249Z #11 3.263 npm WARN EBADENGINE   package: 'metro-source-map@0.83.1',
2025-09-29T11:56:00.7037928Z #11 3.263 npm WARN EBADENGINE   required: { node: '>=20.19.4' },
2025-09-29T11:56:00.7038446Z #11 3.263 npm WARN EBADENGINE   current: { node: 'v20.5.0', npm: '9.8.0' }
2025-09-29T11:56:00.7038900Z #11 3.263 npm WARN EBADENGINE }
2025-09-29T11:56:00.7039279Z #11 3.264 npm WARN EBADENGINE Unsupported engine {
2025-09-29T11:56:00.7039768Z #11 3.264 npm WARN EBADENGINE   package: 'metro-symbolicate@0.83.1',
2025-09-29T11:56:00.7040287Z #11 3.264 npm WARN EBADENGINE   required: { node: '>=20.19.4' },
2025-09-29T11:56:00.7040837Z #11 3.264 npm WARN EBADENGINE   current: { node: 'v20.5.0', npm: '9.8.0' }
2025-09-29T11:56:00.7041441Z #11 3.264 npm WARN EBADENGINE }
2025-09-29T11:56:00.7041830Z #11 3.264 npm WARN EBADENGINE Unsupported engine {
2025-09-29T11:56:00.7042333Z #11 3.264 npm WARN EBADENGINE   package: 'metro-transform-plugins@0.83.1',
2025-09-29T11:56:00.7042865Z #11 3.264 npm WARN EBADENGINE   required: { node: '>=20.19.4' },
2025-09-29T11:56:00.7043377Z #11 3.264 npm WARN EBADENGINE   current: { node: 'v20.5.0', npm: '9.8.0' }
2025-09-29T11:56:00.7043838Z #11 3.264 npm WARN EBADENGINE }
2025-09-29T11:56:00.7044223Z #11 3.264 npm WARN EBADENGINE Unsupported engine {
2025-09-29T11:56:00.7044736Z #11 3.264 npm WARN EBADENGINE   package: 'metro-transform-worker@0.83.1',
2025-09-29T11:56:00.7045270Z #11 3.264 npm WARN EBADENGINE   required: { node: '>=20.19.4' },
2025-09-29T11:56:00.7045806Z #11 3.264 npm WARN EBADENGINE   current: { node: 'v20.5.0', npm: '9.8.0' }
2025-09-29T11:56:00.7046267Z #11 3.264 npm WARN EBADENGINE }
2025-09-29T11:56:00.7046653Z #11 3.265 npm WARN EBADENGINE Unsupported engine {
2025-09-29T11:56:00.7047115Z #11 3.265 npm WARN EBADENGINE   package: 'ob1@0.83.1',
2025-09-29T11:56:00.7047592Z #11 3.265 npm WARN EBADENGINE   required: { node: '>=20.19.4' },
2025-09-29T11:56:00.7048312Z #11 3.265 npm WARN EBADENGINE   current: { node: 'v20.5.0', npm: '9.8.0' }
2025-09-29T11:56:00.7048772Z #11 3.265 npm WARN EBADENGINE }
2025-09-29T11:56:00.7049158Z #11 3.266 npm WARN EBADENGINE Unsupported engine {
2025-09-29T11:56:00.7049619Z #11 3.266 npm WARN EBADENGINE   package: 'react-native@0.81.4',
2025-09-29T11:56:00.7050131Z #11 3.266 npm WARN EBADENGINE   required: { node: '>= 20.19.4' },
2025-09-29T11:56:00.7050751Z #11 3.266 npm WARN EBADENGINE   current: { node: 'v20.5.0', npm: '9.8.0' }
2025-09-29T11:56:00.7051620Z #11 3.266 npm WARN EBADENGINE }
2025-09-29T11:56:02.6570404Z #11 5.375 npm WARN deprecated rimraf@3.0.2: Rimraf versions prior to v4 are no longer supported
2025-09-29T11:56:02.9696344Z #11 5.687 npm WARN deprecated querystring@0.2.0: The querystring API is considered Legacy. new code should use the URLSearchParams API instead.
2025-09-29T11:56:03.1545307Z #11 5.872 npm WARN deprecated multer@1.4.5-lts.2: Multer 1.x is impacted by a number of vulnerabilities, which have been patched in 2.x. You should upgrade to the latest 2.x version.
2025-09-29T11:56:03.5924826Z #11 6.310 npm WARN deprecated inflight@1.0.6: This module is not supported, and leaks memory. Do not use it. Check out lru-cache if you want a good and tested way to coalesce async requests by a key value, which is much more comprehensive and powerful.
2025-09-29T11:56:05.2499320Z #11 7.968 npm WARN deprecated glob@7.2.3: Glob versions prior to v9 are no longer supported
2025-09-29T11:56:05.3746602Z #11 8.066 npm WARN deprecated glob@7.2.3: Glob versions prior to v9 are no longer supported
2025-09-29T11:56:05.3747975Z #11 8.093 npm WARN deprecated glob@7.2.3: Glob versions prior to v9 are no longer supported
2025-09-29T11:56:05.7031621Z #11 8.421 npm WARN deprecated glob@7.2.3: Glob versions prior to v9 are no longer supported
2025-09-29T11:56:11.1169072Z #11 13.83 
2025-09-29T11:56:11.1169857Z #11 13.83 added 831 packages, and audited 832 packages in 11s
2025-09-29T11:56:11.2693303Z #11 13.83 
2025-09-29T11:56:11.2694007Z #11 13.83 96 packages are looking for funding
2025-09-29T11:56:11.2694782Z #11 13.83   run `npm fund` for details
2025-09-29T11:56:11.2695429Z #11 13.84 
2025-09-29T11:56:11.2695973Z #11 13.84 found 0 vulnerabilities
2025-09-29T11:56:11.2696382Z #11 13.84 npm notice 
2025-09-29T11:56:11.2696851Z #11 13.84 npm notice New major version of npm available! 9.8.0 -> 11.6.1
2025-09-29T11:56:11.2697532Z #11 13.84 npm notice Changelog: <https://github.com/npm/cli/releases/tag/v11.6.1>
2025-09-29T11:56:11.2698433Z #11 13.84 npm notice Run `npm install -g npm@11.6.1` to update!
2025-09-29T11:56:11.2698910Z #11 13.84 npm notice 
2025-09-29T11:56:11.5731046Z #11 14.14 npm WARN using --force Recommended protections disabled.
2025-09-29T11:56:12.6733466Z #11 DONE 15.4s
2025-09-29T11:56:12.8673222Z 
2025-09-29T11:56:12.8674329Z #12 [ 7/12] COPY tsconfig.json ./
2025-09-29T11:56:12.8675055Z #12 DONE 0.0s
2025-09-29T11:56:12.8675364Z 
2025-09-29T11:56:12.8675597Z #13 [ 8/12] COPY . .
2025-09-29T11:56:12.8676138Z #13 DONE 0.0s
2025-09-29T11:56:12.8676430Z 
2025-09-29T11:56:12.8676693Z #14 [ 9/12] RUN npm run build
2025-09-29T11:56:13.1644312Z #14 0.447 
2025-09-29T11:56:13.1645011Z #14 0.447 > avy-tracker-backend@1.0.0 build
2025-09-29T11:56:13.1645755Z #14 0.447 > tsc
2025-09-29T11:56:13.1646307Z #14 0.447 
2025-09-29T11:56:23.9220664Z #14 DONE 11.2s
2025-09-29T11:56:24.0731738Z 
2025-09-29T11:56:24.0732446Z #15 [10/12] RUN npm prune --production
2025-09-29T11:56:24.4780760Z #15 0.405 npm WARN config production Use `--omit=dev` instead.
2025-09-29T11:56:24.9445917Z #15 1.021 npm WARN EBADENGINE Unsupported engine {
2025-09-29T11:56:25.1112165Z #15 1.022 npm WARN EBADENGINE   package: '@react-native/assets-registry@0.81.4',
2025-09-29T11:56:25.1114020Z #15 1.022 npm WARN EBADENGINE   required: { node: '>= 20.19.4' },
2025-09-29T11:56:25.1116981Z #15 1.022 npm WARN EBADENGINE   current: { node: 'v20.5.0', npm: '9.8.0' }
2025-09-29T11:56:25.1119210Z #15 1.022 npm WARN EBADENGINE }
2025-09-29T11:56:25.1119991Z #15 1.022 npm WARN EBADENGINE Unsupported engine {
2025-09-29T11:56:25.1120998Z #15 1.022 npm WARN EBADENGINE   package: '@react-native/codegen@0.81.4',
2025-09-29T11:56:25.1122046Z #15 1.022 npm WARN EBADENGINE   required: { node: '>= 20.19.4' },
2025-09-29T11:56:25.1123015Z #15 1.023 npm WARN EBADENGINE   current: { node: 'v20.5.0', npm: '9.8.0' }
2025-09-29T11:56:25.1123888Z #15 1.023 npm WARN EBADENGINE }
2025-09-29T11:56:25.1124641Z #15 1.023 npm WARN EBADENGINE Unsupported engine {
2025-09-29T11:56:25.1125670Z #15 1.023 npm WARN EBADENGINE   package: '@react-native/community-cli-plugin@0.81.4',
2025-09-29T11:56:25.1126736Z #15 1.023 npm WARN EBADENGINE   required: { node: '>= 20.19.4' },
2025-09-29T11:56:25.1128052Z #15 1.023 npm WARN EBADENGINE   current: { node: 'v20.5.0', npm: '9.8.0' }
2025-09-29T11:56:25.1129412Z #15 1.023 npm WARN EBADENGINE }
2025-09-29T11:56:25.1130112Z #15 1.024 npm WARN EBADENGINE Unsupported engine {
2025-09-29T11:56:25.1131063Z #15 1.024 npm WARN EBADENGINE   package: '@react-native/debugger-frontend@0.81.4',
2025-09-29T11:56:25.1132118Z #15 1.024 npm WARN EBADENGINE   required: { node: '>= 20.19.4' },
2025-09-29T11:56:25.1133073Z #15 1.024 npm WARN EBADENGINE   current: { node: 'v20.5.0', npm: '9.8.0' }
2025-09-29T11:56:25.1133911Z #15 1.024 npm WARN EBADENGINE }
2025-09-29T11:56:25.1134601Z #15 1.024 npm WARN EBADENGINE Unsupported engine {
2025-09-29T11:56:25.1135531Z #15 1.024 npm WARN EBADENGINE   package: '@react-native/dev-middleware@0.81.4',
2025-09-29T11:56:25.1136534Z #15 1.024 npm WARN EBADENGINE   required: { node: '>= 20.19.4' },
2025-09-29T11:56:25.1137485Z #15 1.024 npm WARN EBADENGINE   current: { node: 'v20.5.0', npm: '9.8.0' }
2025-09-29T11:56:25.1139460Z #15 1.024 npm WARN EBADENGINE }
2025-09-29T11:56:25.1140203Z #15 1.025 npm WARN EBADENGINE Unsupported engine {
2025-09-29T11:56:25.1141164Z #15 1.025 npm WARN EBADENGINE   package: '@react-native/gradle-plugin@0.81.4',
2025-09-29T11:56:25.1142167Z #15 1.025 npm WARN EBADENGINE   required: { node: '>= 20.19.4' },
2025-09-29T11:56:25.1143118Z #15 1.025 npm WARN EBADENGINE   current: { node: 'v20.5.0', npm: '9.8.0' }
2025-09-29T11:56:25.1143972Z #15 1.025 npm WARN EBADENGINE }
2025-09-29T11:56:25.1144668Z #15 1.025 npm WARN EBADENGINE Unsupported engine {
2025-09-29T11:56:25.1145603Z #15 1.025 npm WARN EBADENGINE   package: '@react-native/js-polyfills@0.81.4',
2025-09-29T11:56:25.1146597Z #15 1.025 npm WARN EBADENGINE   required: { node: '>= 20.19.4' },
2025-09-29T11:56:25.1147539Z #15 1.025 npm WARN EBADENGINE   current: { node: 'v20.5.0', npm: '9.8.0' }
2025-09-29T11:56:25.1148799Z #15 1.025 npm WARN EBADENGINE }
2025-09-29T11:56:25.1149496Z #15 1.026 npm WARN EBADENGINE Unsupported engine {
2025-09-29T11:56:25.1150434Z #15 1.026 npm WARN EBADENGINE   package: '@react-native/virtualized-lists@0.81.4',
2025-09-29T11:56:25.1151723Z #15 1.026 npm WARN EBADENGINE   required: { node: '>= 20.19.4' },
2025-09-29T11:56:25.1152701Z #15 1.026 npm WARN EBADENGINE   current: { node: 'v20.5.0', npm: '9.8.0' }
2025-09-29T11:56:25.1153542Z #15 1.026 npm WARN EBADENGINE }
2025-09-29T11:56:25.1154240Z #15 1.031 npm WARN EBADENGINE Unsupported engine {
2025-09-29T11:56:25.1155054Z #15 1.031 npm WARN EBADENGINE   package: 'metro@0.83.1',
2025-09-29T11:56:25.1155920Z #15 1.031 npm WARN EBADENGINE   required: { node: '>=20.19.4' },
2025-09-29T11:56:25.1156876Z #15 1.031 npm WARN EBADENGINE   current: { node: 'v20.5.0', npm: '9.8.0' }
2025-09-29T11:56:25.1157952Z #15 1.031 npm WARN EBADENGINE }
2025-09-29T11:56:25.1158668Z #15 1.031 npm WARN EBADENGINE Unsupported engine {
2025-09-29T11:56:25.1159597Z #15 1.031 npm WARN EBADENGINE   package: 'metro-babel-transformer@0.83.1',
2025-09-29T11:56:25.1160553Z #15 1.031 npm WARN EBADENGINE   required: { node: '>=20.19.4' },
2025-09-29T11:56:25.1161475Z #15 1.031 npm WARN EBADENGINE   current: { node: 'v20.5.0', npm: '9.8.0' }
2025-09-29T11:56:25.1162324Z #15 1.032 npm WARN EBADENGINE }
2025-09-29T11:56:25.1163016Z #15 1.032 npm WARN EBADENGINE Unsupported engine {
2025-09-29T11:56:25.1163836Z #15 1.032 npm WARN EBADENGINE   package: 'metro-cache@0.83.1',
2025-09-29T11:56:25.1164726Z #15 1.032 npm WARN EBADENGINE   required: { node: '>=20.19.4' },
2025-09-29T11:56:25.1165668Z #15 1.032 npm WARN EBADENGINE   current: { node: 'v20.5.0', npm: '9.8.0' }
2025-09-29T11:56:25.1166507Z #15 1.032 npm WARN EBADENGINE }
2025-09-29T11:56:25.1167209Z #15 1.032 npm WARN EBADENGINE Unsupported engine {
2025-09-29T11:56:25.1168249Z #15 1.032 npm WARN EBADENGINE   package: 'metro-cache-key@0.83.1',
2025-09-29T11:56:25.1169162Z #15 1.032 npm WARN EBADENGINE   required: { node: '>=20.19.4' },
2025-09-29T11:56:25.1170106Z #15 1.032 npm WARN EBADENGINE   current: { node: 'v20.5.0', npm: '9.8.0' }
2025-09-29T11:56:25.1170944Z #15 1.032 npm WARN EBADENGINE }
2025-09-29T11:56:25.1171640Z #15 1.032 npm WARN EBADENGINE Unsupported engine {
2025-09-29T11:56:25.1172751Z #15 1.032 npm WARN EBADENGINE   package: 'metro-config@0.83.1',
2025-09-29T11:56:25.1173667Z #15 1.032 npm WARN EBADENGINE   required: { node: '>=20.19.4' },
2025-09-29T11:56:25.1174627Z #15 1.032 npm WARN EBADENGINE   current: { node: 'v20.5.0', npm: '9.8.0' }
2025-09-29T11:56:25.1175382Z #15 1.032 npm WARN EBADENGINE }
2025-09-29T11:56:25.1175807Z #15 1.033 npm WARN EBADENGINE Unsupported engine {
2025-09-29T11:56:25.1176304Z #15 1.033 npm WARN EBADENGINE   package: 'metro-core@0.83.1',
2025-09-29T11:56:25.1176814Z #15 1.033 npm WARN EBADENGINE   required: { node: '>=20.19.4' },
2025-09-29T11:56:25.1177345Z #15 1.033 npm WARN EBADENGINE   current: { node: 'v20.5.0', npm: '9.8.0' }
2025-09-29T11:56:25.1178060Z #15 1.033 npm WARN EBADENGINE }
2025-09-29T11:56:25.1178464Z #15 1.033 npm WARN EBADENGINE Unsupported engine {
2025-09-29T11:56:25.1178958Z #15 1.033 npm WARN EBADENGINE   package: 'metro-file-map@0.83.1',
2025-09-29T11:56:25.1179490Z #15 1.033 npm WARN EBADENGINE   required: { node: '>=20.19.4' },
2025-09-29T11:56:25.1180026Z #15 1.033 npm WARN EBADENGINE   current: { node: 'v20.5.0', npm: '9.8.0' }
2025-09-29T11:56:25.1180490Z #15 1.033 npm WARN EBADENGINE }
2025-09-29T11:56:25.1180899Z #15 1.033 npm WARN EBADENGINE Unsupported engine {
2025-09-29T11:56:25.1181412Z #15 1.034 npm WARN EBADENGINE   package: 'metro-minify-terser@0.83.1',
2025-09-29T11:56:25.1181953Z #15 1.034 npm WARN EBADENGINE   required: { node: '>=20.19.4' },
2025-09-29T11:56:25.1182492Z #15 1.034 npm WARN EBADENGINE   current: { node: 'v20.5.0', npm: '9.8.0' }
2025-09-29T11:56:25.1182970Z #15 1.034 npm WARN EBADENGINE }
2025-09-29T11:56:25.1183365Z #15 1.034 npm WARN EBADENGINE Unsupported engine {
2025-09-29T11:56:25.1183855Z #15 1.034 npm WARN EBADENGINE   package: 'metro-resolver@0.83.1',
2025-09-29T11:56:25.1184366Z #15 1.034 npm WARN EBADENGINE   required: { node: '>=20.19.4' },
2025-09-29T11:56:25.1184887Z #15 1.034 npm WARN EBADENGINE   current: { node: 'v20.5.0', npm: '9.8.0' }
2025-09-29T11:56:25.1185524Z #15 1.034 npm WARN EBADENGINE }
2025-09-29T11:56:25.1185933Z #15 1.034 npm WARN EBADENGINE Unsupported engine {
2025-09-29T11:56:25.1186416Z #15 1.034 npm WARN EBADENGINE   package: 'metro-runtime@0.83.1',
2025-09-29T11:56:25.1186924Z #15 1.034 npm WARN EBADENGINE   required: { node: '>=20.19.4' },
2025-09-29T11:56:25.1187443Z #15 1.035 npm WARN EBADENGINE   current: { node: 'v20.5.0', npm: '9.8.0' }
2025-09-29T11:56:25.1188167Z #15 1.035 npm WARN EBADENGINE }
2025-09-29T11:56:25.1188565Z #15 1.035 npm WARN EBADENGINE Unsupported engine {
2025-09-29T11:56:25.1189071Z #15 1.035 npm WARN EBADENGINE   package: 'metro-source-map@0.83.1',
2025-09-29T11:56:25.1189607Z #15 1.035 npm WARN EBADENGINE   required: { node: '>=20.19.4' },
2025-09-29T11:56:25.1190132Z #15 1.035 npm WARN EBADENGINE   current: { node: 'v20.5.0', npm: '9.8.0' }
2025-09-29T11:56:25.1190602Z #15 1.035 npm WARN EBADENGINE }
2025-09-29T11:56:25.1191002Z #15 1.035 npm WARN EBADENGINE Unsupported engine {
2025-09-29T11:56:25.1191511Z #15 1.035 npm WARN EBADENGINE   package: 'metro-symbolicate@0.83.1',
2025-09-29T11:56:25.1192038Z #15 1.035 npm WARN EBADENGINE   required: { node: '>=20.19.4' },
2025-09-29T11:56:25.1192571Z #15 1.035 npm WARN EBADENGINE   current: { node: 'v20.5.0', npm: '9.8.0' }
2025-09-29T11:56:25.1193038Z #15 1.035 npm WARN EBADENGINE }
2025-09-29T11:56:25.1193428Z #15 1.035 npm WARN EBADENGINE Unsupported engine {
2025-09-29T11:56:25.1193945Z #15 1.035 npm WARN EBADENGINE   package: 'metro-transform-plugins@0.83.1',
2025-09-29T11:56:25.1194479Z #15 1.035 npm WARN EBADENGINE   required: { node: '>=20.19.4' },
2025-09-29T11:56:25.1195013Z #15 1.035 npm WARN EBADENGINE   current: { node: 'v20.5.0', npm: '9.8.0' }
2025-09-29T11:56:25.1195475Z #15 1.036 npm WARN EBADENGINE }
2025-09-29T11:56:25.1195860Z #15 1.036 npm WARN EBADENGINE Unsupported engine {
2025-09-29T11:56:25.1196370Z #15 1.036 npm WARN EBADENGINE   package: 'metro-transform-worker@0.83.1',
2025-09-29T11:56:25.1196907Z #15 1.036 npm WARN EBADENGINE   required: { node: '>=20.19.4' },
2025-09-29T11:56:25.1197570Z #15 1.036 npm WARN EBADENGINE   current: { node: 'v20.5.0', npm: '9.8.0' }
2025-09-29T11:56:25.1198247Z #15 1.036 npm WARN EBADENGINE }
2025-09-29T11:56:25.1198636Z #15 1.037 npm WARN EBADENGINE Unsupported engine {
2025-09-29T11:56:25.1199086Z #15 1.037 npm WARN EBADENGINE   package: 'ob1@0.83.1',
2025-09-29T11:56:25.1199567Z #15 1.037 npm WARN EBADENGINE   required: { node: '>=20.19.4' },
2025-09-29T11:56:25.1200093Z #15 1.037 npm WARN EBADENGINE   current: { node: 'v20.5.0', npm: '9.8.0' }
2025-09-29T11:56:25.1200560Z #15 1.037 npm WARN EBADENGINE }
2025-09-29T11:56:25.1200953Z #15 1.037 npm WARN EBADENGINE Unsupported engine {
2025-09-29T11:56:25.1201424Z #15 1.037 npm WARN EBADENGINE   package: 'react-native@0.81.4',
2025-09-29T11:56:25.1201937Z #15 1.038 npm WARN EBADENGINE   required: { node: '>= 20.19.4' },
2025-09-29T11:56:25.1202475Z #15 1.038 npm WARN EBADENGINE   current: { node: 'v20.5.0', npm: '9.8.0' }
2025-09-29T11:56:25.1202944Z #15 1.038 npm WARN EBADENGINE }
2025-09-29T11:56:26.0599403Z #15 2.137 
2025-09-29T11:56:26.0600488Z #15 2.137 up to date, audited 638 packages in 2s
2025-09-29T11:56:26.2717220Z #15 2.137 
2025-09-29T11:56:26.2718200Z #15 2.137 62 packages are looking for funding
2025-09-29T11:56:26.2718904Z #15 2.137   run `npm fund` for details
2025-09-29T11:56:26.2719335Z #15 2.139 
2025-09-29T11:56:26.2719693Z #15 2.139 found 0 vulnerabilities
2025-09-29T11:56:26.2720099Z #15 DONE 2.2s
2025-09-29T11:56:26.2720298Z 
2025-09-29T11:56:26.2720490Z #16 [11/12] COPY src/config ./dist/src/config
2025-09-29T11:56:26.2720933Z #16 DONE 0.0s
2025-09-29T11:56:26.2721128Z 
2025-09-29T11:56:26.2721396Z #17 [12/12] RUN chown -R nodejs:nodejs /app
2025-09-29T11:56:43.4685223Z #17 DONE 17.3s
2025-09-29T11:56:43.6212690Z 
2025-09-29T11:56:43.6238999Z #18 exporting to image
2025-09-29T11:56:43.6239672Z #18 exporting layers
2025-09-29T11:56:51.3943631Z #18 exporting layers 7.9s done
2025-09-29T11:56:51.4158272Z #18 writing image sha256:2f76306db048963e27a76cbad6032b695d36ae43a3e365cd49a18c04cd2cb96c done
2025-09-29T11:56:51.4159756Z #18 naming to docker.io/***/avy-trackerapp:v8 done
2025-09-29T11:56:51.4160806Z #18 DONE 7.9s
2025-09-29T11:56:51.4203765Z Pushing Docker image to registry...
2025-09-29T11:56:51.4313636Z The push refers to repository [docker.io/***/avy-trackerapp]
2025-09-29T11:56:51.4868561Z da9fd06004f4: Preparing
2025-09-29T11:56:51.4869233Z c3d315a2cc6e: Preparing
2025-09-29T11:56:51.4869920Z 371403f5b09b: Preparing
2025-09-29T11:56:51.4870505Z 0579ed88a81f: Preparing
2025-09-29T11:56:51.4871074Z d8607acfd56e: Preparing
2025-09-29T11:56:51.4871673Z 283bf257bb19: Preparing
2025-09-29T11:56:51.4872028Z 4ac9744c3562: Preparing
2025-09-29T11:56:51.4872354Z 176f404b9980: Preparing
2025-09-29T11:56:51.4872689Z cac417266d71: Preparing
2025-09-29T11:56:51.4873007Z cc2537b76391: Preparing
2025-09-29T11:56:51.4873324Z 0726954ca304: Preparing
2025-09-29T11:56:51.4873648Z 9841711cc266: Preparing
2025-09-29T11:56:51.4873971Z b748d0576055: Preparing
2025-09-29T11:56:51.4874332Z f866f7afbf16: Preparing
2025-09-29T11:56:51.4874653Z 4693057ce236: Preparing
2025-09-29T11:56:51.4874974Z cc2537b76391: Waiting
2025-09-29T11:56:51.4875305Z f866f7afbf16: Waiting
2025-09-29T11:56:51.4875621Z 0726954ca304: Waiting
2025-09-29T11:56:51.4875930Z 283bf257bb19: Waiting
2025-09-29T11:56:51.4876236Z 4693057ce236: Waiting
2025-09-29T11:56:51.4876550Z 4ac9744c3562: Waiting
2025-09-29T11:56:51.4876868Z cac417266d71: Waiting
2025-09-29T11:56:51.4877180Z 176f404b9980: Waiting
2025-09-29T11:56:51.4877488Z 9841711cc266: Waiting
2025-09-29T11:56:51.4878049Z b748d0576055: Waiting
2025-09-29T11:56:52.5048984Z c3d315a2cc6e: Pushed
2025-09-29T11:56:52.6409830Z 371403f5b09b: Pushed
2025-09-29T11:56:52.6510343Z d8607acfd56e: Pushed
2025-09-29T11:56:52.7833504Z 0579ed88a81f: Pushed
2025-09-29T11:56:53.6366277Z 283bf257bb19: Pushed
2025-09-29T11:56:53.7830004Z 176f404b9980: Pushed
2025-09-29T11:56:53.9409279Z cac417266d71: Pushed
2025-09-29T11:56:54.0341988Z 9841711cc266: Layer already exists
2025-09-29T11:56:54.1248978Z b748d0576055: Layer already exists
2025-09-29T11:56:54.2558571Z f866f7afbf16: Layer already exists
2025-09-29T11:56:54.3532744Z 4693057ce236: Layer already exists
2025-09-29T11:56:54.6126310Z cc2537b76391: Pushed
2025-09-29T11:56:54.8760827Z 0726954ca304: Pushed
2025-09-29T11:57:05.8513762Z da9fd06004f4: Pushed
2025-09-29T11:57:08.3919065Z 4ac9744c3562: Pushed
2025-09-29T11:57:11.3557348Z v8: digest: sha256:f838050a63ee767697ab563220cff353ff91c97383b3dc71eba88cb1792d7dea size: 3459
2025-09-29T11:57:11.3584610Z Docker image pushed successfully!
2025-09-29T11:57:11.3594338Z ##[debug]Finishing: Build and Push Docker Image
2025-09-29T11:57:11.3603090Z ##[debug]Evaluating condition for step: 'Deploy to Azure App Service'
2025-09-29T11:57:11.3605233Z ##[debug]Evaluating: success()
2025-09-29T11:57:11.3605835Z ##[debug]Evaluating success:
2025-09-29T11:57:11.3606502Z ##[debug]=> true
2025-09-29T11:57:11.3607079Z ##[debug]Result: true
2025-09-29T11:57:11.3608163Z ##[debug]Starting: Deploy to Azure App Service
2025-09-29T11:57:11.3641478Z ##[debug]Loading inputs
2025-09-29T11:57:11.3643458Z ##[debug]Evaluating: format('***/avy-trackerapp:v{0}', github.run_number)
2025-09-29T11:57:11.3644006Z ##[debug]Evaluating format:
2025-09-29T11:57:11.3644389Z ##[debug]..Evaluating String:
2025-09-29T11:57:11.3644873Z ##[debug]..=> '***/avy-trackerapp:v{0}'
2025-09-29T11:57:11.3645404Z ##[debug]..Evaluating Index:
2025-09-29T11:57:11.3645785Z ##[debug]....Evaluating github:
2025-09-29T11:57:11.3646166Z ##[debug]....=> Object
2025-09-29T11:57:11.3646539Z ##[debug]....Evaluating String:
2025-09-29T11:57:11.3646922Z ##[debug]....=> 'run_number'
2025-09-29T11:57:11.3647363Z ##[debug]..=> '8'
2025-09-29T11:57:11.3648192Z ##[debug]=> '***/avy-trackerapp:v8'
2025-09-29T11:57:11.3648716Z ##[debug]Result: '***/avy-trackerapp:v8'
2025-09-29T11:57:11.3649568Z ##[debug]Evaluating: secrets.AZURE_WEBAPP_PUBLISH_PROFILE
2025-09-29T11:57:11.3650050Z ##[debug]Evaluating Index:
2025-09-29T11:57:11.3650427Z ##[debug]..Evaluating secrets:
2025-09-29T11:57:11.3650823Z ##[debug]..=> Object
2025-09-29T11:57:11.3651193Z ##[debug]..Evaluating String:
2025-09-29T11:57:11.3651603Z ##[debug]..=> 'AZURE_WEBAPP_PUBLISH_PROFILE'
2025-09-29T11:57:11.3658700Z ##[debug]=> '***'
2025-09-29T11:57:11.3665358Z ##[debug]Result: '***'
2025-09-29T11:57:11.3668418Z ##[debug]Loading env
2025-09-29T11:57:11.3674044Z ##[group]Run azure/webapps-deploy@v2
2025-09-29T11:57:11.3674436Z with:
2025-09-29T11:57:11.3674785Z   app-name: avytracker-server-202509291512
2025-09-29T11:57:11.3675207Z   slot-name: production
2025-09-29T11:57:11.3691325Z   images: ***/avy-trackerapp:v8
2025-09-29T11:57:11.3698173Z   publish-profile: ***
2025-09-29T11:57:11.3698542Z   package: .
2025-09-29T11:57:11.3698866Z ##[endgroup]
2025-09-29T11:57:11.6295218Z ::add-mask::***
2025-09-29T11:57:11.6297202Z ::add-mask::***
2025-09-29T11:57:11.6298851Z ##[debug][GET] https://avytracker-server-202509291512.scm.azurewebsites.net:443/diagnostics/runtime
2025-09-29T11:57:16.7019651Z ##[debug]loaded affinity cookie ["ARRAffinity=8baaea8c209636755866c9dd68f95168f82ea23353b6e3e4cfadd6bc73a69273;Path=/;HttpOnly;Secure;Domain=avytracker-server-202509291512.scm.azurewebsites.net","ARRAffinitySameSite=8baaea8c209636755866c9dd68f95168f82ea23353b6e3e4cfadd6bc73a69273;Path=/;HttpOnly;SameSite=None;Secure;Domain=avytracker-server-202509291512.scm.azurewebsites.net"]
2025-09-29T11:57:16.7024036Z ##[debug]getAppRuntime. Data: {"statusCode":200,"statusMessage":"OK","headers":{"content-type":"application/json; charset=utf-8","date":"Mon, 29 Sep 2025 11:57:14 GMT","server":"Kestrel","set-cookie":["ARRAffinity=8baaea8c209636755866c9dd68f95168f82ea23353b6e3e4cfadd6bc73a69273;Path=/;HttpOnly;Secure;Domain=avytracker-server-202509291512.scm.azurewebsites.net","ARRAffinitySameSite=8baaea8c209636755866c9dd68f95168f82ea23353b6e3e4cfadd6bc73a69273;Path=/;HttpOnly;SameSite=None;Secure;Domain=avytracker-server-202509291512.scm.azurewebsites.net"],"transfer-encoding":"chunked"},"body":{"nodejs":[],"system":{"os_name":"Unix 6.6.96.1","os_build_lab_ex":"","cores":1}}}
2025-09-29T11:57:16.7029660Z ##[debug]App Runtime OS: Unix 6.6.96.1
2025-09-29T11:57:16.7030725Z ##[debug]Predeployment Step Started
2025-09-29T11:57:16.7031801Z ##[debug]Deployment Step Started
2025-09-29T11:57:16.7033511Z ##[debug]DeployWebAppImage - appName: avytracker-server-202509291512; images: ***/avy-trackerapp:v8; isLinux:true
2025-09-29T11:57:16.7035048Z Deploying image ***/avy-trackerapp:v8 to App Service avytracker-server-202509291512
2025-09-29T11:57:16.7040362Z ##[debug]setting affinity cookie ["ARRAffinity=8baaea8c209636755866c9dd68f95168f82ea23353b6e3e4cfadd6bc73a69273;Path=/;HttpOnly;Secure;Domain=avytracker-server-202509291512.scm.azurewebsites.net","ARRAffinitySameSite=8baaea8c209636755866c9dd68f95168f82ea23353b6e3e4cfadd6bc73a69273;Path=/;HttpOnly;SameSite=None;Secure;Domain=avytracker-server-202509291512.scm.azurewebsites.net"]
2025-09-29T11:57:16.7044181Z ##[debug][POST] https://avytracker-server-202509291512.scm.azurewebsites.net:443/api/app/update
2025-09-29T11:57:16.9923279Z ##[debug]Image Deploy response: {"statusCode":200,"statusMessage":"OK","headers":{"content-length":"0","date":"Mon, 29 Sep 2025 11:57:16 GMT"},"body":""}
2025-09-29T11:57:16.9924527Z ##[debug]Deployment passed
2025-09-29T11:57:16.9925036Z Successfully deployed image to App Service.
2025-09-29T11:57:16.9930694Z ##[debug]setting affinity cookie ["ARRAffinity=8baaea8c209636755866c9dd68f95168f82ea23353b6e3e4cfadd6bc73a69273;Path=/;HttpOnly;Secure;Domain=avytracker-server-202509291512.scm.azurewebsites.net","ARRAffinitySameSite=8baaea8c209636755866c9dd68f95168f82ea23353b6e3e4cfadd6bc73a69273;Path=/;HttpOnly;SameSite=None;Secure;Domain=avytracker-server-202509291512.scm.azurewebsites.net"]
2025-09-29T11:57:16.9933056Z ##[debug][PUT] https://avytracker-server-202509291512.scm.azurewebsites.net:443/api/deployments/2bdd8786829f6bc3f65aa9641a6c3e348fb7322f1759147036992
2025-09-29T11:57:19.9603332Z ##[debug]updateDeployment. Data: {"statusCode":200,"statusMessage":"OK","headers":{"content-length":"919","content-type":"application/json; charset=utf-8","date":"Mon, 29 Sep 2025 11:57:18 GMT","server":"Kestrel"},"body":{"id":"2bdd8786829f6bc3f65aa9641a6c3e348fb7322f1759147036992","status":4,"status_text":null,"author_email":null,"author":"CHIRANJEEVICHETAN","deployer":"GitHub","message":"{\"type\":\"Deployment\",\"sha\":\"2bdd8786829f6bc3f65aa9641a6c3e348fb7322f\",\"repoName\":\"Avyren-Technologies/Avy-Tracker\",\"actor\":\"CHIRANJEEVICHETAN\",\"slotName\":\"production\"}","progress":null,"received_time":"0001-01-01T00:00:00","start_time":"2025-09-29T11:57:17.837963Z","end_time":"2025-09-29T11:57:17.837963Z","last_success_end_time":null,"complete":false,"active":true,"is_temp":false,"is_readonly":false,"url":"https://avytracker-server-202509291512.scm.azurewebsites.net/api/deployments/2bdd8786829f6bc3f65aa9641a6c3e348fb7322f1759147036992","log_url":"https://avytracker-server-202509291512.scm.azurewebsites.net/api/deployments/2bdd8786829f6bc3f65aa9641a6c3e348fb7322f1759147036992/log","site_name":null,"build_summary":null}}
2025-09-29T11:57:19.9608570Z Successfully updated deployment History at https://avytracker-server-202509291512.scm.azurewebsites.net/api/deployments/2bdd8786829f6bc3f65aa9641a6c3e348fb7322f1759147036992
2025-09-29T11:57:19.9610214Z ##[debug]Active DeploymentId :2bdd8786829f6bc3f65aa9641a6c3e348fb7322f1759147036992
2025-09-29T11:57:19.9611321Z App Service Application URL: https://avytracker-server-202509291512.azurewebsites.net
2025-09-29T11:57:19.9612567Z ##[debug]Deployment Succeeded
2025-09-29T11:57:19.9660956Z ##[debug]Node Action run completed with exit code 0
2025-09-29T11:57:19.9669589Z ##[debug]AZURE_HTTP_USER_AGENT='GITHUBACTIONS_DeployWebAppToAzure_d13755d3d46cd5a1616c230a254d4ef261b1b433053bfcefc846258315d7a49a'
2025-09-29T11:57:19.9670768Z ##[debug]AZURE_HTTP_USER_AGENT=''
2025-09-29T11:57:19.9672606Z ##[debug]Set output webapp-url = https://avytracker-server-202509291512.azurewebsites.net
2025-09-29T11:57:19.9673528Z ##[debug]Finishing: Deploy to Azure App Service
2025-09-29T11:57:19.9681940Z ##[debug]Evaluating condition for step: 'Verify Deployment'
2025-09-29T11:57:19.9683854Z ##[debug]Evaluating: success()
2025-09-29T11:57:19.9684429Z ##[debug]Evaluating success:
2025-09-29T11:57:19.9685152Z ##[debug]=> true
2025-09-29T11:57:19.9685700Z ##[debug]Result: true
2025-09-29T11:57:19.9686437Z ##[debug]Starting: Verify Deployment
2025-09-29T11:57:19.9694983Z ##[debug]Loading inputs
2025-09-29T11:57:19.9696755Z ##[debug]Evaluating: format('echo "Deployment completed successfully!"
2025-09-29T11:57:19.9697427Z ##[debug]echo "App URL: https://avytracker-server-202509291512.azurewebsites.net"
2025-09-29T11:57:19.9698470Z ##[debug]echo "Docker Image: ***/avy-trackerapp:v{0}"', github.run_number)
2025-09-29T11:57:19.9698996Z ##[debug]Evaluating format:
2025-09-29T11:57:19.9699384Z ##[debug]..Evaluating String:
2025-09-29T11:57:19.9699897Z ##[debug]..=> 'echo "Deployment completed successfully!"
2025-09-29T11:57:19.9700625Z ##[debug]echo "App URL: https://avytracker-server-202509291512.azurewebsites.net"
2025-09-29T11:57:19.9701372Z ##[debug]echo "Docker Image: ***/avy-trackerapp:v{0}"'
2025-09-29T11:57:19.9702011Z ##[debug]..Evaluating Index:
2025-09-29T11:57:19.9702409Z ##[debug]....Evaluating github:
2025-09-29T11:57:19.9702823Z ##[debug]....=> Object
2025-09-29T11:57:19.9703210Z ##[debug]....Evaluating String:
2025-09-29T11:57:19.9703594Z ##[debug]....=> 'run_number'
2025-09-29T11:57:19.9704001Z ##[debug]..=> '8'
2025-09-29T11:57:19.9704467Z ##[debug]=> 'echo "Deployment completed successfully!"
2025-09-29T11:57:19.9705054Z ##[debug]echo "App URL: https://avytracker-server-202509291512.azurewebsites.net"
2025-09-29T11:57:19.9705697Z ##[debug]echo "Docker Image: ***/avy-trackerapp:v8"'
2025-09-29T11:57:19.9706247Z ##[debug]Result: 'echo "Deployment completed successfully!"
2025-09-29T11:57:19.9706844Z ##[debug]echo "App URL: https://avytracker-server-202509291512.azurewebsites.net"
2025-09-29T11:57:19.9707488Z ##[debug]echo "Docker Image: ***/avy-trackerapp:v8"'
2025-09-29T11:57:19.9708420Z ##[debug]Loading env
2025-09-29T11:57:19.9715512Z ##[group]Run echo "Deployment completed successfully!"
2025-09-29T11:57:19.9716043Z [36;1mecho "Deployment completed successfully!"[0m
2025-09-29T11:57:19.9716643Z [36;1mecho "App URL: https://avytracker-server-202509291512.azurewebsites.net"[0m
2025-09-29T11:57:19.9717326Z [36;1mecho "Docker Image: ***/avy-trackerapp:v8"[0m
2025-09-29T11:57:19.9750162Z shell: /usr/bin/bash -e {0}
2025-09-29T11:57:19.9750539Z env:
2025-09-29T11:57:19.9750868Z   AZURE_HTTP_USER_AGENT: 
2025-09-29T11:57:19.9751235Z ##[endgroup]
2025-09-29T11:57:19.9782805Z ##[debug]/usr/bin/bash -e /home/runner/work/_temp/ffb72b00-cb78-4218-a230-70fba97679d6.sh
2025-09-29T11:57:19.9801817Z Deployment completed successfully!
2025-09-29T11:57:19.9802437Z App URL: https://avytracker-server-202509291512.azurewebsites.net
2025-09-29T11:57:19.9803092Z Docker Image: ***/avy-trackerapp:v8
2025-09-29T11:57:19.9807085Z ##[debug]Finishing: Verify Deployment
2025-09-29T11:57:19.9814859Z ##[debug]Evaluating condition for step: 'Post Log in to Docker Hub'
2025-09-29T11:57:19.9817131Z ##[debug]Evaluating: always()
2025-09-29T11:57:19.9817931Z ##[debug]Evaluating always:
2025-09-29T11:57:19.9818993Z ##[debug]=> true
2025-09-29T11:57:19.9819590Z ##[debug]Result: true
2025-09-29T11:57:19.9820330Z ##[debug]Starting: Post Log in to Docker Hub
2025-09-29T11:57:19.9839083Z ##[debug]Loading inputs
2025-09-29T11:57:19.9840303Z ##[debug]Evaluating: secrets.DOCKER_USERNAME
2025-09-29T11:57:19.9840762Z ##[debug]Evaluating Index:
2025-09-29T11:57:19.9841149Z ##[debug]..Evaluating secrets:
2025-09-29T11:57:19.9841549Z ##[debug]..=> Object
2025-09-29T11:57:19.9841923Z ##[debug]..Evaluating String:
2025-09-29T11:57:19.9842308Z ##[debug]..=> 'DOCKER_USERNAME'
2025-09-29T11:57:19.9842761Z ##[debug]=> '***'
2025-09-29T11:57:19.9843151Z ##[debug]Result: '***'
2025-09-29T11:57:19.9843844Z ##[debug]Evaluating: secrets.DOCKER_PASSWORD
2025-09-29T11:57:19.9844611Z ##[debug]Evaluating Index:
2025-09-29T11:57:19.9845517Z ##[debug]..Evaluating secrets:
2025-09-29T11:57:19.9846192Z ##[debug]..=> Object
2025-09-29T11:57:19.9846833Z ##[debug]..Evaluating String:
2025-09-29T11:57:19.9847526Z ##[debug]..=> 'DOCKER_PASSWORD'
2025-09-29T11:57:19.9848581Z ##[debug]=> '***'
2025-09-29T11:57:19.9849212Z ##[debug]Result: '***'
2025-09-29T11:57:19.9852003Z ##[debug]Loading env
2025-09-29T11:57:19.9857610Z Post job cleanup.
2025-09-29T11:57:20.0810988Z ##[debug]Exec.getExecOutput: docker logout 
2025-09-29T11:57:20.0847301Z [command]/usr/bin/docker logout 
2025-09-29T11:57:20.0974644Z Removing login credentials for https://index.docker.io/v1/
2025-09-29T11:57:20.1049709Z ##[debug]Node Action run completed with exit code 0
2025-09-29T11:57:20.1052292Z ##[debug]Finishing: Post Log in to Docker Hub
2025-09-29T11:57:20.1060036Z ##[debug]Evaluating condition for step: 'Post Checkout repository'
2025-09-29T11:57:20.1061692Z ##[debug]Evaluating: always()
2025-09-29T11:57:20.1062285Z ##[debug]Evaluating always:
2025-09-29T11:57:20.1062848Z ##[debug]=> true
2025-09-29T11:57:20.1063396Z ##[debug]Result: true
2025-09-29T11:57:20.1064158Z ##[debug]Starting: Post Checkout repository
2025-09-29T11:57:20.1096387Z ##[debug]Loading inputs
2025-09-29T11:57:20.1097530Z ##[debug]Evaluating: github.repository
2025-09-29T11:57:20.1098396Z ##[debug]Evaluating Index:
2025-09-29T11:57:20.1098794Z ##[debug]..Evaluating github:
2025-09-29T11:57:20.1099222Z ##[debug]..=> Object
2025-09-29T11:57:20.1099597Z ##[debug]..Evaluating String:
2025-09-29T11:57:20.1100002Z ##[debug]..=> 'repository'
2025-09-29T11:57:20.1100467Z ##[debug]=> 'Avyren-Technologies/Avy-Tracker'
2025-09-29T11:57:20.1100949Z ##[debug]Result: 'Avyren-Technologies/Avy-Tracker'
2025-09-29T11:57:20.1102713Z ##[debug]Evaluating: github.token
2025-09-29T11:57:20.1103177Z ##[debug]Evaluating Index:
2025-09-29T11:57:20.1103577Z ##[debug]..Evaluating github:
2025-09-29T11:57:20.1103976Z ##[debug]..=> Object
2025-09-29T11:57:20.1104352Z ##[debug]..Evaluating String:
2025-09-29T11:57:20.1122797Z ##[debug]..=> 'token'
2025-09-29T11:57:20.1123551Z ##[debug]=> '***'
2025-09-29T11:57:20.1124068Z ##[debug]Result: '***'
2025-09-29T11:57:20.1133416Z ##[debug]Loading env
2025-09-29T11:57:20.1139487Z Post job cleanup.
2025-09-29T11:57:20.2107031Z ##[debug]Getting git version
2025-09-29T11:57:20.2121852Z [command]/usr/bin/git version
2025-09-29T11:57:20.2159444Z git version 2.51.0
2025-09-29T11:57:20.2182153Z ##[debug]0
2025-09-29T11:57:20.2182789Z ##[debug]git version 2.51.0
2025-09-29T11:57:20.2183179Z ##[debug]
2025-09-29T11:57:20.2184116Z ##[debug]Set git useragent to: git/2.51.0 (github-actions-checkout)
2025-09-29T11:57:20.2187335Z ::add-mask::***
2025-09-29T11:57:20.2202633Z Temporarily overriding HOME='/home/runner/work/_temp/b5177a9c-4527-4075-ace9-7015071e5bd9' before making global git config changes
2025-09-29T11:57:20.2203758Z Adding repository directory to the temporary git global config as a safe directory
2025-09-29T11:57:20.2215295Z [command]/usr/bin/git config --global --add safe.directory /home/runner/work/Avy-Tracker/Avy-Tracker
2025-09-29T11:57:20.2243492Z ##[debug]0
2025-09-29T11:57:20.2244616Z ##[debug]
2025-09-29T11:57:20.2251834Z [command]/usr/bin/git config --local --name-only --get-regexp core\.sshCommand
2025-09-29T11:57:20.2278789Z ##[debug]1
2025-09-29T11:57:20.2279706Z ##[debug]
2025-09-29T11:57:20.2284602Z [command]/usr/bin/git submodule foreach --recursive sh -c "git config --local --name-only --get-regexp 'core\.sshCommand' && git config --local --unset-all 'core.sshCommand' || :"
2025-09-29T11:57:20.2504123Z ##[debug]0
2025-09-29T11:57:20.2504702Z ##[debug]
2025-09-29T11:57:20.2511231Z [command]/usr/bin/git config --local --name-only --get-regexp http\.https\:\/\/github\.com\/\.extraheader
2025-09-29T11:57:20.2532672Z http.https://github.com/.extraheader
2025-09-29T11:57:20.2539319Z ##[debug]0
2025-09-29T11:57:20.2539974Z ##[debug]http.https://github.com/.extraheader
2025-09-29T11:57:20.2540407Z ##[debug]
2025-09-29T11:57:20.2545314Z [command]/usr/bin/git config --local --unset-all http.https://github.com/.extraheader
2025-09-29T11:57:20.2571011Z ##[debug]0
2025-09-29T11:57:20.2575448Z ##[debug]
2025-09-29T11:57:20.2577188Z [command]/usr/bin/git submodule foreach --recursive sh -c "git config --local --name-only --get-regexp 'http\.https\:\/\/github\.com\/\.extraheader' && git config --local --unset-all 'http.https://github.com/.extraheader' || :"
2025-09-29T11:57:20.2805618Z ##[debug]0
2025-09-29T11:57:20.2806629Z ##[debug]
2025-09-29T11:57:20.2807904Z ##[debug]Unsetting HOME override
2025-09-29T11:57:20.2878917Z ##[debug]Node Action run completed with exit code 0
2025-09-29T11:57:20.2882645Z ##[debug]Finishing: Post Checkout repository
2025-09-29T11:57:20.2932454Z ##[debug]Starting: Complete job
2025-09-29T11:57:20.2934486Z Uploading runner diagnostic logs
2025-09-29T11:57:20.2945959Z ##[debug]Starting diagnostic file upload.
2025-09-29T11:57:20.2946460Z ##[debug]Setting up diagnostic log folders.
2025-09-29T11:57:20.2948784Z ##[debug]Creating diagnostic log files folder.
2025-09-29T11:57:20.2958272Z ##[debug]Copying 1 worker diagnostic logs.
2025-09-29T11:57:20.2966521Z ##[debug]Copying 1 runner diagnostic logs.
2025-09-29T11:57:20.2967912Z ##[debug]Zipping diagnostic files.
2025-09-29T11:57:20.3046337Z ##[debug]Uploading diagnostic metadata file.
2025-09-29T11:57:20.3069951Z ##[debug]Diagnostic file upload complete.
2025-09-29T11:57:20.3070718Z Completed runner diagnostic log upload
2025-09-29T11:57:20.3071155Z Cleaning up orphan processes
2025-09-29T11:57:20.3376584Z ##[debug]Finishing: Complete job
2025-09-29T11:57:20.3405304Z ##[debug]Finishing: build-and-deploy